<!doctype html public "-//w3c//dtd html 4.0 transitional//en">
<html><head>
<title>Static Call Graph - [.\Flash\Blinky.axf]</title></head>
<body><HR>
<H1>Static Call Graph for image .\Flash\Blinky.axf</H1><HR>
<BR><P>#&#060CALLGRAPH&#062# ARM Linker, 5060750: Last Updated: Mon Aug 13 16:54:14 2018
<BR><P>
<H3>Maximum Stack Usage =        240 bytes + Unknown(Cycles, Untraceable Function Pointers)</H3><H3>
Call chain for Maximum Stack Depth:</H3>
svcRtxKernelStart &rArr; osRtxThreadStartup &rArr; svcRtxThreadNew &rArr; osRtxMemoryAlloc &rArr; EvrRtxMemoryAlloc &rArr; EventRecord4 &rArr; EventRecordItem
<P>
<H3>
Mutually Recursive functions
</H3> <LI><a href="#[1]">NMI_Handler</a>&nbsp;&nbsp;&nbsp;&rArr;&nbsp;&nbsp;&nbsp;<a href="#[1]">NMI_Handler</a><BR>
 <LI><a href="#[2]">HardFault_Handler</a>&nbsp;&nbsp;&nbsp;&rArr;&nbsp;&nbsp;&nbsp;<a href="#[2]">HardFault_Handler</a><BR>
 <LI><a href="#[3]">MemManage_Handler</a>&nbsp;&nbsp;&nbsp;&rArr;&nbsp;&nbsp;&nbsp;<a href="#[3]">MemManage_Handler</a><BR>
 <LI><a href="#[4]">BusFault_Handler</a>&nbsp;&nbsp;&nbsp;&rArr;&nbsp;&nbsp;&nbsp;<a href="#[4]">BusFault_Handler</a><BR>
 <LI><a href="#[5]">UsageFault_Handler</a>&nbsp;&nbsp;&nbsp;&rArr;&nbsp;&nbsp;&nbsp;<a href="#[5]">UsageFault_Handler</a><BR>
 <LI><a href="#[7]">DebugMon_Handler</a>&nbsp;&nbsp;&nbsp;&rArr;&nbsp;&nbsp;&nbsp;<a href="#[7]">DebugMon_Handler</a><BR>
 <LI><a href="#[a]">Interrupt0_Handler</a>&nbsp;&nbsp;&nbsp;&rArr;&nbsp;&nbsp;&nbsp;<a href="#[a]">Interrupt0_Handler</a><BR>
 <LI><a href="#[b]">Interrupt1_Handler</a>&nbsp;&nbsp;&nbsp;&rArr;&nbsp;&nbsp;&nbsp;<a href="#[b]">Interrupt1_Handler</a><BR>
 <LI><a href="#[c]">Interrupt2_Handler</a>&nbsp;&nbsp;&nbsp;&rArr;&nbsp;&nbsp;&nbsp;<a href="#[c]">Interrupt2_Handler</a><BR>
 <LI><a href="#[d]">Interrupt3_Handler</a>&nbsp;&nbsp;&nbsp;&rArr;&nbsp;&nbsp;&nbsp;<a href="#[d]">Interrupt3_Handler</a><BR>
 <LI><a href="#[e]">Interrupt4_Handler</a>&nbsp;&nbsp;&nbsp;&rArr;&nbsp;&nbsp;&nbsp;<a href="#[e]">Interrupt4_Handler</a><BR>
 <LI><a href="#[f]">Interrupt5_Handler</a>&nbsp;&nbsp;&nbsp;&rArr;&nbsp;&nbsp;&nbsp;<a href="#[f]">Interrupt5_Handler</a><BR>
 <LI><a href="#[10]">Interrupt6_Handler</a>&nbsp;&nbsp;&nbsp;&rArr;&nbsp;&nbsp;&nbsp;<a href="#[10]">Interrupt6_Handler</a><BR>
 <LI><a href="#[11]">Interrupt7_Handler</a>&nbsp;&nbsp;&nbsp;&rArr;&nbsp;&nbsp;&nbsp;<a href="#[11]">Interrupt7_Handler</a><BR>
 <LI><a href="#[12]">Interrupt8_Handler</a>&nbsp;&nbsp;&nbsp;&rArr;&nbsp;&nbsp;&nbsp;<a href="#[12]">Interrupt8_Handler</a><BR>
 <LI><a href="#[13]">Interrupt9_Handler</a>&nbsp;&nbsp;&nbsp;&rArr;&nbsp;&nbsp;&nbsp;<a href="#[13]">Interrupt9_Handler</a><BR>
 <LI><a href="#[63]">__asm___13_rtx_mempool_c_7914b4c7__atomic_link_put</a>&nbsp;&nbsp;&nbsp;&rArr;&nbsp;&nbsp;&nbsp;<a href="#[63]">__asm___13_rtx_mempool_c_7914b4c7__atomic_link_put</a><BR>
</UL>
<P>
<H3>
Function Pointers
</H3><UL>
 <LI><a href="#[4]">BusFault_Handler</a> from startup_armcm3.o(.text) referenced from startup_armcm3.o(RESET)
 <LI><a href="#[7]">DebugMon_Handler</a> from startup_armcm3.o(.text) referenced from startup_armcm3.o(RESET)
 <LI><a href="#[2]">HardFault_Handler</a> from startup_armcm3.o(.text) referenced from startup_armcm3.o(RESET)
 <LI><a href="#[a]">Interrupt0_Handler</a> from startup_armcm3.o(.text) referenced from startup_armcm3.o(RESET)
 <LI><a href="#[b]">Interrupt1_Handler</a> from startup_armcm3.o(.text) referenced from startup_armcm3.o(RESET)
 <LI><a href="#[c]">Interrupt2_Handler</a> from startup_armcm3.o(.text) referenced from startup_armcm3.o(RESET)
 <LI><a href="#[d]">Interrupt3_Handler</a> from startup_armcm3.o(.text) referenced from startup_armcm3.o(RESET)
 <LI><a href="#[e]">Interrupt4_Handler</a> from startup_armcm3.o(.text) referenced from startup_armcm3.o(RESET)
 <LI><a href="#[f]">Interrupt5_Handler</a> from startup_armcm3.o(.text) referenced from startup_armcm3.o(RESET)
 <LI><a href="#[10]">Interrupt6_Handler</a> from startup_armcm3.o(.text) referenced from startup_armcm3.o(RESET)
 <LI><a href="#[11]">Interrupt7_Handler</a> from startup_armcm3.o(.text) referenced from startup_armcm3.o(RESET)
 <LI><a href="#[12]">Interrupt8_Handler</a> from startup_armcm3.o(.text) referenced from startup_armcm3.o(RESET)
 <LI><a href="#[13]">Interrupt9_Handler</a> from startup_armcm3.o(.text) referenced from startup_armcm3.o(RESET)
 <LI><a href="#[3]">MemManage_Handler</a> from startup_armcm3.o(.text) referenced from startup_armcm3.o(RESET)
 <LI><a href="#[1]">NMI_Handler</a> from startup_armcm3.o(.text) referenced from startup_armcm3.o(RESET)
 <LI><a href="#[8]">PendSV_Handler</a> from irq_cm3.o(.text) referenced from startup_armcm3.o(RESET)
 <LI><a href="#[0]">Reset_Handler</a> from startup_armcm3.o(.text) referenced from startup_armcm3.o(RESET)
 <LI><a href="#[6]">SVC_Handler</a> from irq_cm3.o(.text) referenced from startup_armcm3.o(RESET)
 <LI><a href="#[9]">SysTick_Handler</a> from irq_cm3.o(.text) referenced from rtx_kernel.o(.text)
 <LI><a href="#[9]">SysTick_Handler</a> from irq_cm3.o(.text) referenced from startup_armcm3.o(RESET)
 <LI><a href="#[5e]">SystemInit</a> from system_armcm3.o(.text) referenced from startup_armcm3.o(.text)
 <LI><a href="#[5]">UsageFault_Handler</a> from startup_armcm3.o(.text) referenced from startup_armcm3.o(RESET)
 <LI><a href="#[5f]">__main</a> from entry.o(.ARM.Collect$$$$00000000) referenced from startup_armcm3.o(.text)
 <LI><a href="#[73]">app_main</a> from blinky.o(.text) referenced from blinky.o(.text)
 <LI><a href="#[72]">clock</a> from blinky.o(.text) referenced from blinky.o(.text)
 <LI><a href="#[60]">fputc</a> from retarget_io.o(.text) referenced from printf1.o(i.__0printf$1)
 <LI><a href="#[14]">main</a> from blinky.o(.text) referenced from entry9a.o(.ARM.Collect$$$$0000000B)
 <LI><a href="#[41]">osRtxIdleThread</a> from rtx_config.o(.text) referenced from rtx_thread.o(.text)
 <LI><a href="#[24]">osRtxMemoryPoolPostProcess</a> from rtx_mempool.o(.text) referenced from rtx_mempool.o(.text)
 <LI><a href="#[2e]">osRtxMessageQueuePostProcess</a> from rtx_msgqueue.o(.text) referenced from rtx_msgqueue.o(.text)
 <LI><a href="#[40]">osRtxThreadPostProcess</a> from rtx_thread.o(.text) referenced from rtx_thread.o(.text)
 <LI><a href="#[42]">osRtxTimerThread</a> from rtx_timer.o(.text) referenced from rtx_thread.o(.text)
 <LI><a href="#[57]">osRtxTimerTick</a> from rtx_timer.o(.text) referenced from rtx_timer.o(.text)
 <LI><a href="#[19a]">osThreadExit</a> from rtx_thread.o(.text) referenced from rtx_thread.o(.text)
 <LI><a href="#[6d]">phaseA</a> from blinky.o(.text) referenced from blinky.o(.text)
 <LI><a href="#[6f]">phaseB</a> from blinky.o(.text) referenced from blinky.o(.text)
 <LI><a href="#[70]">phaseC</a> from blinky.o(.text) referenced from blinky.o(.text)
 <LI><a href="#[71]">phaseD</a> from blinky.o(.text) referenced from blinky.o(.text)
 <LI><a href="#[15]">svcRtxDelay</a> from rtx_delay.o(.text) referenced from rtx_delay.o(.text)
 <LI><a href="#[16]">svcRtxDelayUntil</a> from rtx_delay.o(.text) referenced from rtx_delay.o(.text)
 <LI><a href="#[18]">svcRtxKernelGetInfo</a> from rtx_kernel.o(.text) referenced from rtx_kernel.o(.text)
 <LI><a href="#[19]">svcRtxKernelGetState</a> from rtx_kernel.o(.text) referenced from rtx_kernel.o(.text)
 <LI><a href="#[22]">svcRtxKernelGetSysTimerCount</a> from rtx_kernel.o(.text) referenced from rtx_kernel.o(.text)
 <LI><a href="#[23]">svcRtxKernelGetSysTimerFreq</a> from rtx_kernel.o(.text) referenced from rtx_kernel.o(.text)
 <LI><a href="#[20]">svcRtxKernelGetTickCount</a> from rtx_kernel.o(.text) referenced from rtx_kernel.o(.text)
 <LI><a href="#[21]">svcRtxKernelGetTickFreq</a> from rtx_kernel.o(.text) referenced from rtx_kernel.o(.text)
 <LI><a href="#[17]">svcRtxKernelInitialize</a> from rtx_kernel.o(.text) referenced from rtx_kernel.o(.text)
 <LI><a href="#[1b]">svcRtxKernelLock</a> from rtx_kernel.o(.text) referenced from rtx_kernel.o(.text)
 <LI><a href="#[1d]">svcRtxKernelRestoreLock</a> from rtx_kernel.o(.text) referenced from rtx_kernel.o(.text)
 <LI><a href="#[1f]">svcRtxKernelResume</a> from rtx_kernel.o(.text) referenced from rtx_kernel.o(.text)
 <LI><a href="#[1a]">svcRtxKernelStart</a> from rtx_kernel.o(.text) referenced from rtx_kernel.o(.text)
 <LI><a href="#[1e]">svcRtxKernelSuspend</a> from rtx_kernel.o(.text) referenced from rtx_kernel.o(.text)
 <LI><a href="#[1c]">svcRtxKernelUnlock</a> from rtx_kernel.o(.text) referenced from rtx_kernel.o(.text)
 <LI><a href="#[27]">svcRtxMemoryPoolAlloc</a> from rtx_mempool.o(.text) referenced from rtx_mempool.o(.text)
 <LI><a href="#[2d]">svcRtxMemoryPoolDelete</a> from rtx_mempool.o(.text) referenced from rtx_mempool.o(.text)
 <LI><a href="#[28]">svcRtxMemoryPoolFree</a> from rtx_mempool.o(.text) referenced from rtx_mempool.o(.text)
 <LI><a href="#[2a]">svcRtxMemoryPoolGetBlockSize</a> from rtx_mempool.o(.text) referenced from rtx_mempool.o(.text)
 <LI><a href="#[29]">svcRtxMemoryPoolGetCapacity</a> from rtx_mempool.o(.text) referenced from rtx_mempool.o(.text)
 <LI><a href="#[2b]">svcRtxMemoryPoolGetCount</a> from rtx_mempool.o(.text) referenced from rtx_mempool.o(.text)
 <LI><a href="#[26]">svcRtxMemoryPoolGetName</a> from rtx_mempool.o(.text) referenced from rtx_mempool.o(.text)
 <LI><a href="#[2c]">svcRtxMemoryPoolGetSpace</a> from rtx_mempool.o(.text) referenced from rtx_mempool.o(.text)
 <LI><a href="#[25]">svcRtxMemoryPoolNew</a> from rtx_mempool.o(.text) referenced from rtx_mempool.o(.text)
 <LI><a href="#[38]">svcRtxMessageQueueDelete</a> from rtx_msgqueue.o(.text) referenced from rtx_msgqueue.o(.text)
 <LI><a href="#[32]">svcRtxMessageQueueGet</a> from rtx_msgqueue.o(.text) referenced from rtx_msgqueue.o(.text)
 <LI><a href="#[33]">svcRtxMessageQueueGetCapacity</a> from rtx_msgqueue.o(.text) referenced from rtx_msgqueue.o(.text)
 <LI><a href="#[35]">svcRtxMessageQueueGetCount</a> from rtx_msgqueue.o(.text) referenced from rtx_msgqueue.o(.text)
 <LI><a href="#[34]">svcRtxMessageQueueGetMsgSize</a> from rtx_msgqueue.o(.text) referenced from rtx_msgqueue.o(.text)
 <LI><a href="#[30]">svcRtxMessageQueueGetName</a> from rtx_msgqueue.o(.text) referenced from rtx_msgqueue.o(.text)
 <LI><a href="#[36]">svcRtxMessageQueueGetSpace</a> from rtx_msgqueue.o(.text) referenced from rtx_msgqueue.o(.text)
 <LI><a href="#[2f]">svcRtxMessageQueueNew</a> from rtx_msgqueue.o(.text) referenced from rtx_msgqueue.o(.text)
 <LI><a href="#[31]">svcRtxMessageQueuePut</a> from rtx_msgqueue.o(.text) referenced from rtx_msgqueue.o(.text)
 <LI><a href="#[37]">svcRtxMessageQueueReset</a> from rtx_msgqueue.o(.text) referenced from rtx_msgqueue.o(.text)
 <LI><a href="#[3b]">svcRtxMutexAcquire</a> from rtx_mutex.o(.text) referenced from rtx_mutex.o(.text)
 <LI><a href="#[3e]">svcRtxMutexDelete</a> from rtx_mutex.o(.text) referenced from rtx_mutex.o(.text)
 <LI><a href="#[3a]">svcRtxMutexGetName</a> from rtx_mutex.o(.text) referenced from rtx_mutex.o(.text)
 <LI><a href="#[3d]">svcRtxMutexGetOwner</a> from rtx_mutex.o(.text) referenced from rtx_mutex.o(.text)
 <LI><a href="#[39]">svcRtxMutexNew</a> from rtx_mutex.o(.text) referenced from rtx_mutex.o(.text)
 <LI><a href="#[3c]">svcRtxMutexRelease</a> from rtx_mutex.o(.text) referenced from rtx_mutex.o(.text)
 <LI><a href="#[4e]">svcRtxThreadDetach</a> from rtx_thread.o(.text) referenced from rtx_thread.o(.text)
 <LI><a href="#[52]">svcRtxThreadEnumerate</a> from rtx_thread.o(.text) referenced from rtx_thread.o(.text)
 <LI><a href="#[3f]">svcRtxThreadExit</a> from rtx_thread.o(.text) referenced from rtx_thread.o(.text)
 <LI><a href="#[54]">svcRtxThreadFlagsClear</a> from rtx_thread.o(.text) referenced from rtx_thread.o(.text)
 <LI><a href="#[55]">svcRtxThreadFlagsGet</a> from rtx_thread.o(.text) referenced from rtx_thread.o(.text)
 <LI><a href="#[53]">svcRtxThreadFlagsSet</a> from rtx_thread.o(.text) referenced from rtx_thread.o(.text)
 <LI><a href="#[56]">svcRtxThreadFlagsWait</a> from rtx_thread.o(.text) referenced from rtx_thread.o(.text)
 <LI><a href="#[51]">svcRtxThreadGetCount</a> from rtx_thread.o(.text) referenced from rtx_thread.o(.text)
 <LI><a href="#[45]">svcRtxThreadGetId</a> from rtx_thread.o(.text) referenced from rtx_thread.o(.text)
 <LI><a href="#[44]">svcRtxThreadGetName</a> from rtx_thread.o(.text) referenced from rtx_thread.o(.text)
 <LI><a href="#[4a]">svcRtxThreadGetPriority</a> from rtx_thread.o(.text) referenced from rtx_thread.o(.text)
 <LI><a href="#[47]">svcRtxThreadGetStackSize</a> from rtx_thread.o(.text) referenced from rtx_thread.o(.text)
 <LI><a href="#[48]">svcRtxThreadGetStackSpace</a> from rtx_thread.o(.text) referenced from rtx_thread.o(.text)
 <LI><a href="#[46]">svcRtxThreadGetState</a> from rtx_thread.o(.text) referenced from rtx_thread.o(.text)
 <LI><a href="#[4f]">svcRtxThreadJoin</a> from rtx_thread.o(.text) referenced from rtx_thread.o(.text)
 <LI><a href="#[43]">svcRtxThreadNew</a> from rtx_thread.o(.text) referenced from rtx_thread.o(.text)
 <LI><a href="#[4d]">svcRtxThreadResume</a> from rtx_thread.o(.text) referenced from rtx_thread.o(.text)
 <LI><a href="#[49]">svcRtxThreadSetPriority</a> from rtx_thread.o(.text) referenced from rtx_thread.o(.text)
 <LI><a href="#[4c]">svcRtxThreadSuspend</a> from rtx_thread.o(.text) referenced from rtx_thread.o(.text)
 <LI><a href="#[50]">svcRtxThreadTerminate</a> from rtx_thread.o(.text) referenced from rtx_thread.o(.text)
 <LI><a href="#[4b]">svcRtxThreadYield</a> from rtx_thread.o(.text) referenced from rtx_thread.o(.text)
 <LI><a href="#[5d]">svcRtxTimerDelete</a> from rtx_timer.o(.text) referenced from rtx_timer.o(.text)
 <LI><a href="#[59]">svcRtxTimerGetName</a> from rtx_timer.o(.text) referenced from rtx_timer.o(.text)
 <LI><a href="#[5c]">svcRtxTimerIsRunning</a> from rtx_timer.o(.text) referenced from rtx_timer.o(.text)
 <LI><a href="#[58]">svcRtxTimerNew</a> from rtx_timer.o(.text) referenced from rtx_timer.o(.text)
 <LI><a href="#[5a]">svcRtxTimerStart</a> from rtx_timer.o(.text) referenced from rtx_timer.o(.text)
 <LI><a href="#[5b]">svcRtxTimerStop</a> from rtx_timer.o(.text) referenced from rtx_timer.o(.text)
</UL>
<P>
<H3>
Global Symbols
</H3>
<P><STRONG><a name="[5f]"></a>__main</STRONG> (Thumb, 0 bytes, Stack size unknown bytes, entry.o(.ARM.Collect$$$$00000000))
<BR>[Address Reference Count : 1]<UL><LI> startup_armcm3.o(.text)
</UL>
<P><STRONG><a name="[1d8]"></a>_main_stk</STRONG> (Thumb, 0 bytes, Stack size unknown bytes, entry2.o(.ARM.Collect$$$$00000001))

<P><STRONG><a name="[61]"></a>_main_scatterload</STRONG> (Thumb, 0 bytes, Stack size unknown bytes, entry5.o(.ARM.Collect$$$$00000004))
<BR><BR>[Calls]<UL><LI><a href="#[62]">&gt;&gt;</a>&nbsp;&nbsp;&nbsp;__scatterload
</UL>

<P><STRONG><a name="[1d4]"></a>__main_after_scatterload</STRONG> (Thumb, 0 bytes, Stack size unknown bytes, entry5.o(.ARM.Collect$$$$00000004))
<BR><BR>[Called By]<UL><LI><a href="#[62]">&gt;&gt;</a>&nbsp;&nbsp;&nbsp;__scatterload
</UL>

<P><STRONG><a name="[1d9]"></a>_main_clock</STRONG> (Thumb, 0 bytes, Stack size unknown bytes, entry7b.o(.ARM.Collect$$$$00000008))

<P><STRONG><a name="[1da]"></a>_main_cpp_init</STRONG> (Thumb, 0 bytes, Stack size unknown bytes, entry8b.o(.ARM.Collect$$$$0000000A))

<P><STRONG><a name="[1db]"></a>_main_init</STRONG> (Thumb, 0 bytes, Stack size unknown bytes, entry9a.o(.ARM.Collect$$$$0000000B))

<P><STRONG><a name="[1dc]"></a>__rt_final_cpp</STRONG> (Thumb, 0 bytes, Stack size unknown bytes, entry10a.o(.ARM.Collect$$$$0000000D))

<P><STRONG><a name="[1dd]"></a>__rt_final_exit</STRONG> (Thumb, 0 bytes, Stack size unknown bytes, entry11a.o(.ARM.Collect$$$$0000000F))

<P><STRONG><a name="[1de]"></a>__asm___13_rtx_mempool_c_7914b4c7__atomic_wr8</STRONG> (Thumb, 16 bytes, Stack size 0 bytes, rtx_mempool.o(.emb_text), UNUSED)

<P><STRONG><a name="[1df]"></a>__asm___13_rtx_mempool_c_7914b4c7__atomic_set32</STRONG> (Thumb, 20 bytes, Stack size 0 bytes, rtx_mempool.o(.emb_text), UNUSED)

<P><STRONG><a name="[1e0]"></a>__asm___13_rtx_mempool_c_7914b4c7__atomic_clr32</STRONG> (Thumb, 22 bytes, Stack size 0 bytes, rtx_mempool.o(.emb_text), UNUSED)

<P><STRONG><a name="[1e1]"></a>__asm___13_rtx_mempool_c_7914b4c7__atomic_chk32_all</STRONG> (Thumb, 38 bytes, Stack size 0 bytes, rtx_mempool.o(.emb_text), UNUSED)

<P><STRONG><a name="[1e2]"></a>__asm___13_rtx_mempool_c_7914b4c7__atomic_chk32_any</STRONG> (Thumb, 34 bytes, Stack size 0 bytes, rtx_mempool.o(.emb_text), UNUSED)

<P><STRONG><a name="[14f]"></a>__asm___13_rtx_mempool_c_7914b4c7__atomic_inc32</STRONG> (Thumb, 18 bytes, Stack size 0 bytes, rtx_mempool.o(.emb_text))
<BR><BR>[Called By]<UL><LI><a href="#[14d]">&gt;&gt;</a>&nbsp;&nbsp;&nbsp;osRtxMemoryPoolAlloc
</UL>

<P><STRONG><a name="[1e3]"></a>__asm___13_rtx_mempool_c_7914b4c7__atomic_inc16_lt</STRONG> (Thumb, 30 bytes, Stack size 0 bytes, rtx_mempool.o(.emb_text), UNUSED)

<P><STRONG><a name="[1e4]"></a>__asm___13_rtx_mempool_c_7914b4c7__atomic_inc16_lim</STRONG> (Thumb, 26 bytes, Stack size 0 bytes, rtx_mempool.o(.emb_text), UNUSED)

<P><STRONG><a name="[151]"></a>__asm___13_rtx_mempool_c_7914b4c7__atomic_dec32</STRONG> (Thumb, 18 bytes, Stack size 0 bytes, rtx_mempool.o(.emb_text))
<BR><BR>[Called By]<UL><LI><a href="#[150]">&gt;&gt;</a>&nbsp;&nbsp;&nbsp;osRtxMemoryPoolFree
</UL>

<P><STRONG><a name="[1e5]"></a>__asm___13_rtx_mempool_c_7914b4c7__atomic_dec32_nz</STRONG> (Thumb, 26 bytes, Stack size 0 bytes, rtx_mempool.o(.emb_text), UNUSED)

<P><STRONG><a name="[1e6]"></a>__asm___13_rtx_mempool_c_7914b4c7__atomic_dec16_nz</STRONG> (Thumb, 26 bytes, Stack size 0 bytes, rtx_mempool.o(.emb_text), UNUSED)

<P><STRONG><a name="[14e]"></a>__asm___13_rtx_mempool_c_7914b4c7__atomic_link_get</STRONG> (Thumb, 26 bytes, Stack size 0 bytes, rtx_mempool.o(.emb_text))
<BR><BR>[Called By]<UL><LI><a href="#[14d]">&gt;&gt;</a>&nbsp;&nbsp;&nbsp;osRtxMemoryPoolAlloc
</UL>

<P><STRONG><a name="[63]"></a>__asm___13_rtx_mempool_c_7914b4c7__atomic_link_put</STRONG> (Thumb, 28 bytes, Stack size 0 bytes, rtx_mempool.o(.emb_text))
<BR><BR>[Calls]<UL><LI><a href="#[63]">&gt;&gt;</a>&nbsp;&nbsp;&nbsp;__asm___13_rtx_mempool_c_7914b4c7__atomic_link_put
</UL>
<BR>[Called By]<UL><LI><a href="#[63]">&gt;&gt;</a>&nbsp;&nbsp;&nbsp;__asm___13_rtx_mempool_c_7914b4c7__atomic_link_put
<LI><a href="#[150]">&gt;&gt;</a>&nbsp;&nbsp;&nbsp;osRtxMemoryPoolFree
</UL>

<P><STRONG><a name="[166]"></a>__asm___14_rtx_msgqueue_c_ba128ae8__atomic_wr8</STRONG> (Thumb, 16 bytes, Stack size 0 bytes, rtx_msgqueue.o(.emb_text))
<BR><BR>[Called By]<UL><LI><a href="#[164]">&gt;&gt;</a>&nbsp;&nbsp;&nbsp;MessageQueueGet
</UL>

<P><STRONG><a name="[1e7]"></a>__asm___14_rtx_msgqueue_c_ba128ae8__atomic_set32</STRONG> (Thumb, 20 bytes, Stack size 0 bytes, rtx_msgqueue.o(.emb_text), UNUSED)

<P><STRONG><a name="[1e8]"></a>__asm___14_rtx_msgqueue_c_ba128ae8__atomic_clr32</STRONG> (Thumb, 22 bytes, Stack size 0 bytes, rtx_msgqueue.o(.emb_text), UNUSED)

<P><STRONG><a name="[1e9]"></a>__asm___14_rtx_msgqueue_c_ba128ae8__atomic_chk32_all</STRONG> (Thumb, 38 bytes, Stack size 0 bytes, rtx_msgqueue.o(.emb_text), UNUSED)

<P><STRONG><a name="[1ea]"></a>__asm___14_rtx_msgqueue_c_ba128ae8__atomic_chk32_any</STRONG> (Thumb, 34 bytes, Stack size 0 bytes, rtx_msgqueue.o(.emb_text), UNUSED)

<P><STRONG><a name="[163]"></a>__asm___14_rtx_msgqueue_c_ba128ae8__atomic_inc32</STRONG> (Thumb, 18 bytes, Stack size 0 bytes, rtx_msgqueue.o(.emb_text))
<BR><BR>[Called By]<UL><LI><a href="#[162]">&gt;&gt;</a>&nbsp;&nbsp;&nbsp;MessageQueuePut
</UL>

<P><STRONG><a name="[1eb]"></a>__asm___14_rtx_msgqueue_c_ba128ae8__atomic_inc16_lt</STRONG> (Thumb, 30 bytes, Stack size 0 bytes, rtx_msgqueue.o(.emb_text), UNUSED)

<P><STRONG><a name="[1ec]"></a>__asm___14_rtx_msgqueue_c_ba128ae8__atomic_inc16_lim</STRONG> (Thumb, 26 bytes, Stack size 0 bytes, rtx_msgqueue.o(.emb_text), UNUSED)

<P><STRONG><a name="[1ed]"></a>__asm___14_rtx_msgqueue_c_ba128ae8__atomic_dec32</STRONG> (Thumb, 18 bytes, Stack size 0 bytes, rtx_msgqueue.o(.emb_text), UNUSED)

<P><STRONG><a name="[165]"></a>__asm___14_rtx_msgqueue_c_ba128ae8__atomic_dec32_nz</STRONG> (Thumb, 26 bytes, Stack size 0 bytes, rtx_msgqueue.o(.emb_text))
<BR><BR>[Called By]<UL><LI><a href="#[164]">&gt;&gt;</a>&nbsp;&nbsp;&nbsp;MessageQueueGet
</UL>

<P><STRONG><a name="[1ee]"></a>__asm___14_rtx_msgqueue_c_ba128ae8__atomic_dec16_nz</STRONG> (Thumb, 26 bytes, Stack size 0 bytes, rtx_msgqueue.o(.emb_text), UNUSED)

<P><STRONG><a name="[1ef]"></a>__asm___14_rtx_msgqueue_c_ba128ae8__atomic_link_get</STRONG> (Thumb, 26 bytes, Stack size 0 bytes, rtx_msgqueue.o(.emb_text), UNUSED)

<P><STRONG><a name="[64]"></a>__asm___14_rtx_msgqueue_c_ba128ae8__atomic_link_put</STRONG> (Thumb, 28 bytes, Stack size 0 bytes, rtx_msgqueue.o(.emb_text), UNUSED)
<BR><BR>[Calls]<UL><LI><a href="#[64]">&gt;&gt;</a>&nbsp;&nbsp;&nbsp;__asm___14_rtx_msgqueue_c_ba128ae8__atomic_link_put
</UL>
<BR>[Called By]<UL><LI><a href="#[64]">&gt;&gt;</a>&nbsp;&nbsp;&nbsp;__asm___14_rtx_msgqueue_c_ba128ae8__atomic_link_put
</UL>

<P><STRONG><a name="[1f0]"></a>__asm___12_rtx_system_c_024f2f18__atomic_wr8</STRONG> (Thumb, 16 bytes, Stack size 0 bytes, rtx_system.o(.emb_text), UNUSED)

<P><STRONG><a name="[1f1]"></a>__asm___12_rtx_system_c_024f2f18__atomic_set32</STRONG> (Thumb, 20 bytes, Stack size 0 bytes, rtx_system.o(.emb_text), UNUSED)

<P><STRONG><a name="[1f2]"></a>__asm___12_rtx_system_c_024f2f18__atomic_clr32</STRONG> (Thumb, 22 bytes, Stack size 0 bytes, rtx_system.o(.emb_text), UNUSED)

<P><STRONG><a name="[1f3]"></a>__asm___12_rtx_system_c_024f2f18__atomic_chk32_all</STRONG> (Thumb, 38 bytes, Stack size 0 bytes, rtx_system.o(.emb_text), UNUSED)

<P><STRONG><a name="[1f4]"></a>__asm___12_rtx_system_c_024f2f18__atomic_chk32_any</STRONG> (Thumb, 34 bytes, Stack size 0 bytes, rtx_system.o(.emb_text), UNUSED)

<P><STRONG><a name="[1f5]"></a>__asm___12_rtx_system_c_024f2f18__atomic_inc32</STRONG> (Thumb, 18 bytes, Stack size 0 bytes, rtx_system.o(.emb_text), UNUSED)

<P><STRONG><a name="[182]"></a>__asm___12_rtx_system_c_024f2f18__atomic_inc16_lt</STRONG> (Thumb, 30 bytes, Stack size 0 bytes, rtx_system.o(.emb_text))
<BR><BR>[Called By]<UL><LI><a href="#[181]">&gt;&gt;</a>&nbsp;&nbsp;&nbsp;isr_queue_put
</UL>

<P><STRONG><a name="[183]"></a>__asm___12_rtx_system_c_024f2f18__atomic_inc16_lim</STRONG> (Thumb, 26 bytes, Stack size 0 bytes, rtx_system.o(.emb_text))
<BR><BR>[Called By]<UL><LI><a href="#[184]">&gt;&gt;</a>&nbsp;&nbsp;&nbsp;isr_queue_get
<LI><a href="#[181]">&gt;&gt;</a>&nbsp;&nbsp;&nbsp;isr_queue_put
</UL>

<P><STRONG><a name="[1f6]"></a>__asm___12_rtx_system_c_024f2f18__atomic_dec32</STRONG> (Thumb, 18 bytes, Stack size 0 bytes, rtx_system.o(.emb_text), UNUSED)

<P><STRONG><a name="[1f7]"></a>__asm___12_rtx_system_c_024f2f18__atomic_dec32_nz</STRONG> (Thumb, 26 bytes, Stack size 0 bytes, rtx_system.o(.emb_text), UNUSED)

<P><STRONG><a name="[185]"></a>__asm___12_rtx_system_c_024f2f18__atomic_dec16_nz</STRONG> (Thumb, 26 bytes, Stack size 0 bytes, rtx_system.o(.emb_text))
<BR><BR>[Called By]<UL><LI><a href="#[184]">&gt;&gt;</a>&nbsp;&nbsp;&nbsp;isr_queue_get
</UL>

<P><STRONG><a name="[1f8]"></a>__asm___12_rtx_system_c_024f2f18__atomic_link_get</STRONG> (Thumb, 26 bytes, Stack size 0 bytes, rtx_system.o(.emb_text), UNUSED)

<P><STRONG><a name="[65]"></a>__asm___12_rtx_system_c_024f2f18__atomic_link_put</STRONG> (Thumb, 28 bytes, Stack size 0 bytes, rtx_system.o(.emb_text), UNUSED)
<BR><BR>[Calls]<UL><LI><a href="#[65]">&gt;&gt;</a>&nbsp;&nbsp;&nbsp;__asm___12_rtx_system_c_024f2f18__atomic_link_put
</UL>
<BR>[Called By]<UL><LI><a href="#[65]">&gt;&gt;</a>&nbsp;&nbsp;&nbsp;__asm___12_rtx_system_c_024f2f18__atomic_link_put
</UL>

<P><STRONG><a name="[1f9]"></a>__asm___12_rtx_thread_c_add96be5__atomic_wr8</STRONG> (Thumb, 16 bytes, Stack size 0 bytes, rtx_thread.o(.emb_text), UNUSED)

<P><STRONG><a name="[18b]"></a>__asm___12_rtx_thread_c_add96be5__atomic_set32</STRONG> (Thumb, 20 bytes, Stack size 0 bytes, rtx_thread.o(.emb_text))
<BR><BR>[Called By]<UL><LI><a href="#[18a]">&gt;&gt;</a>&nbsp;&nbsp;&nbsp;ThreadFlagsSet
</UL>

<P><STRONG><a name="[18d]"></a>__asm___12_rtx_thread_c_add96be5__atomic_clr32</STRONG> (Thumb, 22 bytes, Stack size 0 bytes, rtx_thread.o(.emb_text))
<BR><BR>[Called By]<UL><LI><a href="#[18c]">&gt;&gt;</a>&nbsp;&nbsp;&nbsp;ThreadFlagsClear
</UL>

<P><STRONG><a name="[18f]"></a>__asm___12_rtx_thread_c_add96be5__atomic_chk32_all</STRONG> (Thumb, 38 bytes, Stack size 0 bytes, rtx_thread.o(.emb_text))
<BR><BR>[Called By]<UL><LI><a href="#[18e]">&gt;&gt;</a>&nbsp;&nbsp;&nbsp;ThreadFlagsCheck
</UL>

<P><STRONG><a name="[190]"></a>__asm___12_rtx_thread_c_add96be5__atomic_chk32_any</STRONG> (Thumb, 34 bytes, Stack size 0 bytes, rtx_thread.o(.emb_text))
<BR><BR>[Called By]<UL><LI><a href="#[18e]">&gt;&gt;</a>&nbsp;&nbsp;&nbsp;ThreadFlagsCheck
</UL>

<P><STRONG><a name="[1fa]"></a>__asm___12_rtx_thread_c_add96be5__atomic_inc32</STRONG> (Thumb, 18 bytes, Stack size 0 bytes, rtx_thread.o(.emb_text), UNUSED)

<P><STRONG><a name="[1fb]"></a>__asm___12_rtx_thread_c_add96be5__atomic_inc16_lt</STRONG> (Thumb, 30 bytes, Stack size 0 bytes, rtx_thread.o(.emb_text), UNUSED)

<P><STRONG><a name="[1fc]"></a>__asm___12_rtx_thread_c_add96be5__atomic_inc16_lim</STRONG> (Thumb, 26 bytes, Stack size 0 bytes, rtx_thread.o(.emb_text), UNUSED)

<P><STRONG><a name="[1fd]"></a>__asm___12_rtx_thread_c_add96be5__atomic_dec32</STRONG> (Thumb, 18 bytes, Stack size 0 bytes, rtx_thread.o(.emb_text), UNUSED)

<P><STRONG><a name="[1fe]"></a>__asm___12_rtx_thread_c_add96be5__atomic_dec32_nz</STRONG> (Thumb, 26 bytes, Stack size 0 bytes, rtx_thread.o(.emb_text), UNUSED)

<P><STRONG><a name="[1ff]"></a>__asm___12_rtx_thread_c_add96be5__atomic_dec16_nz</STRONG> (Thumb, 26 bytes, Stack size 0 bytes, rtx_thread.o(.emb_text), UNUSED)

<P><STRONG><a name="[200]"></a>__asm___12_rtx_thread_c_add96be5__atomic_link_get</STRONG> (Thumb, 26 bytes, Stack size 0 bytes, rtx_thread.o(.emb_text), UNUSED)

<P><STRONG><a name="[66]"></a>__asm___12_rtx_thread_c_add96be5__atomic_link_put</STRONG> (Thumb, 28 bytes, Stack size 0 bytes, rtx_thread.o(.emb_text), UNUSED)
<BR><BR>[Calls]<UL><LI><a href="#[66]">&gt;&gt;</a>&nbsp;&nbsp;&nbsp;__asm___12_rtx_thread_c_add96be5__atomic_link_put
</UL>
<BR>[Called By]<UL><LI><a href="#[66]">&gt;&gt;</a>&nbsp;&nbsp;&nbsp;__asm___12_rtx_thread_c_add96be5__atomic_link_put
</UL>

<P><STRONG><a name="[1d1]"></a>__asm___15_EventRecorder_c_e8d3082c__atomic_inc8</STRONG> (Thumb, 18 bytes, Stack size 0 bytes, eventrecorder.o(.emb_text))
<BR><BR>[Called By]<UL><LI><a href="#[1d0]">&gt;&gt;</a>&nbsp;&nbsp;&nbsp;GetContext
</UL>

<P><STRONG><a name="[1c1]"></a>__asm___15_EventRecorder_c_e8d3082c__atomic_inc32</STRONG> (Thumb, 18 bytes, Stack size 0 bytes, eventrecorder.o(.emb_text))
<BR><BR>[Called By]<UL><LI><a href="#[1c4]">&gt;&gt;</a>&nbsp;&nbsp;&nbsp;EventGetTS
<LI><a href="#[1c0]">&gt;&gt;</a>&nbsp;&nbsp;&nbsp;EventRecordItem
</UL>

<P><STRONG><a name="[1c6]"></a>__asm___15_EventRecorder_c_e8d3082c__atomic_xch32</STRONG> (Thumb, 16 bytes, Stack size 0 bytes, eventrecorder.o(.emb_text))
<BR><BR>[Called By]<UL><LI><a href="#[1c4]">&gt;&gt;</a>&nbsp;&nbsp;&nbsp;EventGetTS
</UL>

<P><STRONG><a name="[1c2]"></a>__asm___15_EventRecorder_c_e8d3082c__LockRecord</STRONG> (Thumb, 34 bytes, Stack size 0 bytes, eventrecorder.o(.emb_text))
<BR><BR>[Called By]<UL><LI><a href="#[1c0]">&gt;&gt;</a>&nbsp;&nbsp;&nbsp;EventRecordItem
</UL>

<P><STRONG><a name="[1c3]"></a>__asm___15_EventRecorder_c_e8d3082c__UnlockRecord</STRONG> (Thumb, 30 bytes, Stack size 0 bytes, eventrecorder.o(.emb_text))
<BR><BR>[Called By]<UL><LI><a href="#[1c0]">&gt;&gt;</a>&nbsp;&nbsp;&nbsp;EventRecordItem
</UL>

<P><STRONG><a name="[67]"></a>Switch_On</STRONG> (Thumb, 14 bytes, Stack size 8 bytes, blinky.o(.text), UNUSED)
<BR><BR>[Calls]<UL><LI><a href="#[68]">&gt;&gt;</a>&nbsp;&nbsp;&nbsp;__2printf
</UL>

<P><STRONG><a name="[69]"></a>Switch_Off</STRONG> (Thumb, 14 bytes, Stack size 8 bytes, blinky.o(.text), UNUSED)
<BR><BR>[Calls]<UL><LI><a href="#[68]">&gt;&gt;</a>&nbsp;&nbsp;&nbsp;__2printf
</UL>

<P><STRONG><a name="[6a]"></a>signal_func</STRONG> (Thumb, 62 bytes, Stack size 8 bytes, blinky.o(.text))
<BR><BR>[Stack]<UL><LI>Max Depth = 144<LI>Call Chain = signal_func &rArr; osThreadFlagsSet &rArr; isrRtxThreadFlagsSet &rArr; EvrRtxThreadFlagsSetDone &rArr; EventRecord2 &rArr; EventRecordItem
</UL>
<BR>[Calls]<UL><LI><a href="#[6b]">&gt;&gt;</a>&nbsp;&nbsp;&nbsp;osThreadFlagsSet
<LI><a href="#[6c]">&gt;&gt;</a>&nbsp;&nbsp;&nbsp;osDelay
</UL>
<BR>[Called By]<UL><LI><a href="#[71]">&gt;&gt;</a>&nbsp;&nbsp;&nbsp;phaseD
<LI><a href="#[70]">&gt;&gt;</a>&nbsp;&nbsp;&nbsp;phaseC
<LI><a href="#[6f]">&gt;&gt;</a>&nbsp;&nbsp;&nbsp;phaseB
<LI><a href="#[6d]">&gt;&gt;</a>&nbsp;&nbsp;&nbsp;phaseA
</UL>

<P><STRONG><a name="[6d]"></a>phaseA</STRONG> (Thumb, 36 bytes, Stack size 0 bytes, blinky.o(.text))
<BR><BR>[Stack]<UL><LI>Max Depth = 144<LI>Call Chain = phaseA &rArr; osThreadFlagsWait &rArr; EvrRtxThreadFlagsWait &rArr; EventRecord4 &rArr; EventRecordItem
</UL>
<BR>[Calls]<UL><LI><a href="#[6e]">&gt;&gt;</a>&nbsp;&nbsp;&nbsp;osThreadFlagsWait
<LI><a href="#[6a]">&gt;&gt;</a>&nbsp;&nbsp;&nbsp;signal_func
</UL>
<BR>[Address Reference Count : 1]<UL><LI> blinky.o(.text)
</UL>
<P><STRONG><a name="[6f]"></a>phaseB</STRONG> (Thumb, 36 bytes, Stack size 0 bytes, blinky.o(.text))
<BR><BR>[Stack]<UL><LI>Max Depth = 144<LI>Call Chain = phaseB &rArr; osThreadFlagsWait &rArr; EvrRtxThreadFlagsWait &rArr; EventRecord4 &rArr; EventRecordItem
</UL>
<BR>[Calls]<UL><LI><a href="#[6e]">&gt;&gt;</a>&nbsp;&nbsp;&nbsp;osThreadFlagsWait
<LI><a href="#[6a]">&gt;&gt;</a>&nbsp;&nbsp;&nbsp;signal_func
</UL>
<BR>[Address Reference Count : 1]<UL><LI> blinky.o(.text)
</UL>
<P><STRONG><a name="[70]"></a>phaseC</STRONG> (Thumb, 36 bytes, Stack size 0 bytes, blinky.o(.text))
<BR><BR>[Stack]<UL><LI>Max Depth = 144<LI>Call Chain = phaseC &rArr; osThreadFlagsWait &rArr; EvrRtxThreadFlagsWait &rArr; EventRecord4 &rArr; EventRecordItem
</UL>
<BR>[Calls]<UL><LI><a href="#[6e]">&gt;&gt;</a>&nbsp;&nbsp;&nbsp;osThreadFlagsWait
<LI><a href="#[6a]">&gt;&gt;</a>&nbsp;&nbsp;&nbsp;signal_func
</UL>
<BR>[Address Reference Count : 1]<UL><LI> blinky.o(.text)
</UL>
<P><STRONG><a name="[71]"></a>phaseD</STRONG> (Thumb, 36 bytes, Stack size 0 bytes, blinky.o(.text))
<BR><BR>[Stack]<UL><LI>Max Depth = 144<LI>Call Chain = phaseD &rArr; osThreadFlagsWait &rArr; EvrRtxThreadFlagsWait &rArr; EventRecord4 &rArr; EventRecordItem
</UL>
<BR>[Calls]<UL><LI><a href="#[6e]">&gt;&gt;</a>&nbsp;&nbsp;&nbsp;osThreadFlagsWait
<LI><a href="#[6a]">&gt;&gt;</a>&nbsp;&nbsp;&nbsp;signal_func
</UL>
<BR>[Address Reference Count : 1]<UL><LI> blinky.o(.text)
</UL>
<P><STRONG><a name="[72]"></a>clock</STRONG> (Thumb, 24 bytes, Stack size 0 bytes, blinky.o(.text))
<BR><BR>[Stack]<UL><LI>Max Depth = 144<LI>Call Chain = clock &rArr; osThreadFlagsWait &rArr; EvrRtxThreadFlagsWait &rArr; EventRecord4 &rArr; EventRecordItem
</UL>
<BR>[Calls]<UL><LI><a href="#[6e]">&gt;&gt;</a>&nbsp;&nbsp;&nbsp;osThreadFlagsWait
<LI><a href="#[6c]">&gt;&gt;</a>&nbsp;&nbsp;&nbsp;osDelay
</UL>
<BR>[Address Reference Count : 1]<UL><LI> blinky.o(.text)
</UL>
<P><STRONG><a name="[73]"></a>app_main</STRONG> (Thumb, 102 bytes, Stack size 0 bytes, blinky.o(.text))
<BR><BR>[Stack]<UL><LI>Max Depth = 144<LI>Call Chain = app_main &rArr; osThreadNew &rArr; EvrRtxThreadNew &rArr; EventRecordData &rArr; EventRecordItem
</UL>
<BR>[Calls]<UL><LI><a href="#[74]">&gt;&gt;</a>&nbsp;&nbsp;&nbsp;osThreadNew
<LI><a href="#[6b]">&gt;&gt;</a>&nbsp;&nbsp;&nbsp;osThreadFlagsSet
<LI><a href="#[6c]">&gt;&gt;</a>&nbsp;&nbsp;&nbsp;osDelay
</UL>
<BR>[Address Reference Count : 1]<UL><LI> blinky.o(.text)
</UL>
<P><STRONG><a name="[14]"></a>main</STRONG> (Thumb, 36 bytes, Stack size 0 bytes, blinky.o(.text))
<BR><BR>[Stack]<UL><LI>Max Depth = 144<LI>Call Chain = main &rArr; osThreadNew &rArr; EvrRtxThreadNew &rArr; EventRecordData &rArr; EventRecordItem
</UL>
<BR>[Calls]<UL><LI><a href="#[74]">&gt;&gt;</a>&nbsp;&nbsp;&nbsp;osThreadNew
<LI><a href="#[78]">&gt;&gt;</a>&nbsp;&nbsp;&nbsp;osKernelStart
<LI><a href="#[76]">&gt;&gt;</a>&nbsp;&nbsp;&nbsp;osKernelInitialize
<LI><a href="#[77]">&gt;&gt;</a>&nbsp;&nbsp;&nbsp;osKernelGetState
<LI><a href="#[75]">&gt;&gt;</a>&nbsp;&nbsp;&nbsp;SystemCoreClockUpdate
</UL>
<BR>[Address Reference Count : 1]<UL><LI> entry9a.o(.ARM.Collect$$$$0000000B)
</UL>
<P><STRONG><a name="[13c]"></a>osRtxKernelPreInit</STRONG> (Thumb, 2 bytes, Stack size 0 bytes, rtx_lib.o(.text))
<BR><BR>[Called By]<UL><LI><a href="#[76]">&gt;&gt;</a>&nbsp;&nbsp;&nbsp;osKernelInitialize
</UL>

<P><STRONG><a name="[6]"></a>SVC_Handler</STRONG> (Thumb, 108 bytes, Stack size 0 bytes, irq_cm3.o(.text))
<BR>[Address Reference Count : 1]<UL><LI> startup_armcm3.o(RESET)
</UL>
<P><STRONG><a name="[8]"></a>PendSV_Handler</STRONG> (Thumb, 16 bytes, Stack size 0 bytes, irq_cm3.o(.text))
<BR><BR>[Stack]<UL><LI>Max Depth = 152<LI>Call Chain = PendSV_Handler &rArr; osRtxPendSV_Handler &rArr; osRtxThreadDispatch &rArr; osRtxThreadBlock &rArr; EvrRtxThreadPreempted &rArr; EventRecord2 &rArr; EventRecordItem
</UL>
<BR>[Calls]<UL><LI><a href="#[79]">&gt;&gt;</a>&nbsp;&nbsp;&nbsp;osRtxPendSV_Handler
</UL>
<BR>[Address Reference Count : 1]<UL><LI> startup_armcm3.o(RESET)
</UL>
<P><STRONG><a name="[9]"></a>SysTick_Handler</STRONG> (Thumb, 16 bytes, Stack size 0 bytes, irq_cm3.o(.text))
<BR><BR>[Stack]<UL><LI>Max Depth = 144<LI>Call Chain = SysTick_Handler &rArr; osRtxTick_Handler &rArr; osRtxThreadDispatch &rArr; osRtxThreadBlock &rArr; EvrRtxThreadPreempted &rArr; EventRecord2 &rArr; EventRecordItem
</UL>
<BR>[Calls]<UL><LI><a href="#[7a]">&gt;&gt;</a>&nbsp;&nbsp;&nbsp;osRtxTick_Handler
</UL>
<BR>[Address Reference Count : 2]<UL><LI> rtx_kernel.o(.text)
<LI> startup_armcm3.o(RESET)
</UL>
<P><STRONG><a name="[6c]"></a>osDelay</STRONG> (Thumb, 56 bytes, Stack size 16 bytes, rtx_delay.o(.text))
<BR><BR>[Stack]<UL><LI>Max Depth = 112<LI>Call Chain = osDelay &rArr; EvrRtxThreadError &rArr; EventRecord2 &rArr; EventRecordItem
</UL>
<BR>[Calls]<UL><LI><a href="#[7d]">&gt;&gt;</a>&nbsp;&nbsp;&nbsp;EvrRtxThreadError
<LI><a href="#[7e]">&gt;&gt;</a>&nbsp;&nbsp;&nbsp;EvrRtxThreadDelay
<LI><a href="#[7f]">&gt;&gt;</a>&nbsp;&nbsp;&nbsp;IsIrqMode
<LI><a href="#[80]">&gt;&gt;</a>&nbsp;&nbsp;&nbsp;IsIrqMasked
</UL>
<BR>[Called By]<UL><LI><a href="#[73]">&gt;&gt;</a>&nbsp;&nbsp;&nbsp;app_main
<LI><a href="#[72]">&gt;&gt;</a>&nbsp;&nbsp;&nbsp;clock
<LI><a href="#[6a]">&gt;&gt;</a>&nbsp;&nbsp;&nbsp;signal_func
</UL>

<P><STRONG><a name="[81]"></a>osDelayUntil</STRONG> (Thumb, 56 bytes, Stack size 16 bytes, rtx_delay.o(.text), UNUSED)
<BR><BR>[Calls]<UL><LI><a href="#[7d]">&gt;&gt;</a>&nbsp;&nbsp;&nbsp;EvrRtxThreadError
<LI><a href="#[82]">&gt;&gt;</a>&nbsp;&nbsp;&nbsp;EvrRtxThreadDelayUntil
<LI><a href="#[7f]">&gt;&gt;</a>&nbsp;&nbsp;&nbsp;IsIrqMode
<LI><a href="#[80]">&gt;&gt;</a>&nbsp;&nbsp;&nbsp;IsIrqMasked
</UL>

<P><STRONG><a name="[83]"></a>EvrRtxMemoryInit</STRONG> (Thumb, 28 bytes, Stack size 24 bytes, rtx_evr.o(.text))
<BR><BR>[Stack]<UL><LI>Max Depth = 120<LI>Call Chain = EvrRtxMemoryInit &rArr; EventRecord4 &rArr; EventRecordItem
</UL>
<BR>[Calls]<UL><LI><a href="#[84]">&gt;&gt;</a>&nbsp;&nbsp;&nbsp;EventRecord4
</UL>
<BR>[Called By]<UL><LI><a href="#[12e]">&gt;&gt;</a>&nbsp;&nbsp;&nbsp;osRtxMemoryInit
</UL>

<P><STRONG><a name="[85]"></a>EvrRtxMemoryAlloc</STRONG> (Thumb, 26 bytes, Stack size 24 bytes, rtx_evr.o(.text))
<BR><BR>[Stack]<UL><LI>Max Depth = 120<LI>Call Chain = EvrRtxMemoryAlloc &rArr; EventRecord4 &rArr; EventRecordItem
</UL>
<BR>[Calls]<UL><LI><a href="#[84]">&gt;&gt;</a>&nbsp;&nbsp;&nbsp;EventRecord4
</UL>
<BR>[Called By]<UL><LI><a href="#[14b]">&gt;&gt;</a>&nbsp;&nbsp;&nbsp;osRtxMemoryAlloc
</UL>

<P><STRONG><a name="[86]"></a>EvrRtxMemoryFree</STRONG> (Thumb, 28 bytes, Stack size 24 bytes, rtx_evr.o(.text))
<BR><BR>[Stack]<UL><LI>Max Depth = 120<LI>Call Chain = EvrRtxMemoryFree &rArr; EventRecord4 &rArr; EventRecordItem
</UL>
<BR>[Calls]<UL><LI><a href="#[84]">&gt;&gt;</a>&nbsp;&nbsp;&nbsp;EventRecord4
</UL>
<BR>[Called By]<UL><LI><a href="#[14c]">&gt;&gt;</a>&nbsp;&nbsp;&nbsp;osRtxMemoryFree
</UL>

<P><STRONG><a name="[87]"></a>EvrRtxMemoryBlockInit</STRONG> (Thumb, 28 bytes, Stack size 24 bytes, rtx_evr.o(.text))
<BR><BR>[Stack]<UL><LI>Max Depth = 120<LI>Call Chain = EvrRtxMemoryBlockInit &rArr; EventRecord4 &rArr; EventRecordItem
</UL>
<BR>[Calls]<UL><LI><a href="#[84]">&gt;&gt;</a>&nbsp;&nbsp;&nbsp;EventRecord4
</UL>
<BR>[Called By]<UL><LI><a href="#[12f]">&gt;&gt;</a>&nbsp;&nbsp;&nbsp;osRtxMemoryPoolInit
</UL>

<P><STRONG><a name="[88]"></a>EvrRtxMemoryBlockAlloc</STRONG> (Thumb, 20 bytes, Stack size 16 bytes, rtx_evr.o(.text))
<BR><BR>[Stack]<UL><LI>Max Depth = 96<LI>Call Chain = EvrRtxMemoryBlockAlloc &rArr; EventRecord2 &rArr; EventRecordItem
</UL>
<BR>[Calls]<UL><LI><a href="#[89]">&gt;&gt;</a>&nbsp;&nbsp;&nbsp;EventRecord2
</UL>
<BR>[Called By]<UL><LI><a href="#[14d]">&gt;&gt;</a>&nbsp;&nbsp;&nbsp;osRtxMemoryPoolAlloc
</UL>

<P><STRONG><a name="[8a]"></a>EvrRtxMemoryBlockFree</STRONG> (Thumb, 28 bytes, Stack size 24 bytes, rtx_evr.o(.text))
<BR><BR>[Stack]<UL><LI>Max Depth = 120<LI>Call Chain = EvrRtxMemoryBlockFree &rArr; EventRecord4 &rArr; EventRecordItem
</UL>
<BR>[Calls]<UL><LI><a href="#[84]">&gt;&gt;</a>&nbsp;&nbsp;&nbsp;EventRecord4
</UL>
<BR>[Called By]<UL><LI><a href="#[150]">&gt;&gt;</a>&nbsp;&nbsp;&nbsp;osRtxMemoryPoolFree
</UL>

<P><STRONG><a name="[8b]"></a>EvrRtxKernelError</STRONG> (Thumb, 18 bytes, Stack size 8 bytes, rtx_evr.o(.text))
<BR><BR>[Stack]<UL><LI>Max Depth = 88<LI>Call Chain = EvrRtxKernelError &rArr; EventRecord2 &rArr; EventRecordItem
</UL>
<BR>[Calls]<UL><LI><a href="#[89]">&gt;&gt;</a>&nbsp;&nbsp;&nbsp;EventRecord2
</UL>
<BR>[Called By]<UL><LI><a href="#[145]">&gt;&gt;</a>&nbsp;&nbsp;&nbsp;osKernelResume
<LI><a href="#[144]">&gt;&gt;</a>&nbsp;&nbsp;&nbsp;osKernelSuspend
<LI><a href="#[143]">&gt;&gt;</a>&nbsp;&nbsp;&nbsp;osKernelRestoreLock
<LI><a href="#[142]">&gt;&gt;</a>&nbsp;&nbsp;&nbsp;osKernelUnlock
<LI><a href="#[141]">&gt;&gt;</a>&nbsp;&nbsp;&nbsp;osKernelLock
<LI><a href="#[1e]">&gt;&gt;</a>&nbsp;&nbsp;&nbsp;svcRtxKernelSuspend
<LI><a href="#[1d]">&gt;&gt;</a>&nbsp;&nbsp;&nbsp;svcRtxKernelRestoreLock
<LI><a href="#[1c]">&gt;&gt;</a>&nbsp;&nbsp;&nbsp;svcRtxKernelUnlock
<LI><a href="#[1b]">&gt;&gt;</a>&nbsp;&nbsp;&nbsp;svcRtxKernelLock
<LI><a href="#[1a]">&gt;&gt;</a>&nbsp;&nbsp;&nbsp;svcRtxKernelStart
<LI><a href="#[17]">&gt;&gt;</a>&nbsp;&nbsp;&nbsp;svcRtxKernelInitialize
<LI><a href="#[78]">&gt;&gt;</a>&nbsp;&nbsp;&nbsp;osKernelStart
<LI><a href="#[76]">&gt;&gt;</a>&nbsp;&nbsp;&nbsp;osKernelInitialize
</UL>

<P><STRONG><a name="[8c]"></a>EvrRtxKernelInitialize</STRONG> (Thumb, 14 bytes, Stack size 8 bytes, rtx_evr.o(.text))
<BR><BR>[Stack]<UL><LI>Max Depth = 88<LI>Call Chain = EvrRtxKernelInitialize &rArr; EventRecord2 &rArr; EventRecordItem
</UL>
<BR>[Calls]<UL><LI><a href="#[89]">&gt;&gt;</a>&nbsp;&nbsp;&nbsp;EventRecord2
</UL>
<BR>[Called By]<UL><LI><a href="#[76]">&gt;&gt;</a>&nbsp;&nbsp;&nbsp;osKernelInitialize
</UL>

<P><STRONG><a name="[8d]"></a>EvrRtxKernelInitialized</STRONG> (Thumb, 14 bytes, Stack size 8 bytes, rtx_evr.o(.text))
<BR><BR>[Stack]<UL><LI>Max Depth = 88<LI>Call Chain = EvrRtxKernelInitialized &rArr; EventRecord2 &rArr; EventRecordItem
</UL>
<BR>[Calls]<UL><LI><a href="#[89]">&gt;&gt;</a>&nbsp;&nbsp;&nbsp;EventRecord2
</UL>
<BR>[Called By]<UL><LI><a href="#[17]">&gt;&gt;</a>&nbsp;&nbsp;&nbsp;svcRtxKernelInitialize
</UL>

<P><STRONG><a name="[8e]"></a>EvrRtxKernelGetInfo</STRONG> (Thumb, 28 bytes, Stack size 24 bytes, rtx_evr.o(.text), UNUSED)
<BR><BR>[Calls]<UL><LI><a href="#[84]">&gt;&gt;</a>&nbsp;&nbsp;&nbsp;EventRecord4
</UL>
<BR>[Called By]<UL><LI><a href="#[13f]">&gt;&gt;</a>&nbsp;&nbsp;&nbsp;osKernelGetInfo
</UL>

<P><STRONG><a name="[8f]"></a>EvrRtxKernelInfoRetrieved</STRONG> (Thumb, 26 bytes, Stack size 16 bytes, rtx_evr.o(.text))
<BR><BR>[Stack]<UL><LI>Max Depth = 112<LI>Call Chain = EvrRtxKernelInfoRetrieved &rArr; EventRecord4 &rArr; EventRecordItem
</UL>
<BR>[Calls]<UL><LI><a href="#[84]">&gt;&gt;</a>&nbsp;&nbsp;&nbsp;EventRecord4
</UL>
<BR>[Called By]<UL><LI><a href="#[18]">&gt;&gt;</a>&nbsp;&nbsp;&nbsp;svcRtxKernelGetInfo
</UL>

<P><STRONG><a name="[90]"></a>EvrRtxKernelGetState</STRONG> (Thumb, 18 bytes, Stack size 8 bytes, rtx_evr.o(.text))
<BR><BR>[Stack]<UL><LI>Max Depth = 88<LI>Call Chain = EvrRtxKernelGetState &rArr; EventRecord2 &rArr; EventRecordItem
</UL>
<BR>[Calls]<UL><LI><a href="#[89]">&gt;&gt;</a>&nbsp;&nbsp;&nbsp;EventRecord2
</UL>
<BR>[Called By]<UL><LI><a href="#[19]">&gt;&gt;</a>&nbsp;&nbsp;&nbsp;svcRtxKernelGetState
</UL>

<P><STRONG><a name="[91]"></a>EvrRtxKernelStart</STRONG> (Thumb, 16 bytes, Stack size 8 bytes, rtx_evr.o(.text))
<BR><BR>[Stack]<UL><LI>Max Depth = 88<LI>Call Chain = EvrRtxKernelStart &rArr; EventRecord2 &rArr; EventRecordItem
</UL>
<BR>[Calls]<UL><LI><a href="#[89]">&gt;&gt;</a>&nbsp;&nbsp;&nbsp;EventRecord2
</UL>
<BR>[Called By]<UL><LI><a href="#[78]">&gt;&gt;</a>&nbsp;&nbsp;&nbsp;osKernelStart
</UL>

<P><STRONG><a name="[92]"></a>EvrRtxKernelStarted</STRONG> (Thumb, 16 bytes, Stack size 8 bytes, rtx_evr.o(.text))
<BR><BR>[Stack]<UL><LI>Max Depth = 88<LI>Call Chain = EvrRtxKernelStarted &rArr; EventRecord2 &rArr; EventRecordItem
</UL>
<BR>[Calls]<UL><LI><a href="#[89]">&gt;&gt;</a>&nbsp;&nbsp;&nbsp;EventRecord2
</UL>
<BR>[Called By]<UL><LI><a href="#[1a]">&gt;&gt;</a>&nbsp;&nbsp;&nbsp;svcRtxKernelStart
</UL>

<P><STRONG><a name="[93]"></a>EvrRtxKernelLock</STRONG> (Thumb, 16 bytes, Stack size 8 bytes, rtx_evr.o(.text), UNUSED)
<BR><BR>[Calls]<UL><LI><a href="#[89]">&gt;&gt;</a>&nbsp;&nbsp;&nbsp;EventRecord2
</UL>
<BR>[Called By]<UL><LI><a href="#[141]">&gt;&gt;</a>&nbsp;&nbsp;&nbsp;osKernelLock
</UL>

<P><STRONG><a name="[94]"></a>EvrRtxKernelLocked</STRONG> (Thumb, 18 bytes, Stack size 8 bytes, rtx_evr.o(.text))
<BR><BR>[Stack]<UL><LI>Max Depth = 88<LI>Call Chain = EvrRtxKernelLocked &rArr; EventRecord2 &rArr; EventRecordItem
</UL>
<BR>[Calls]<UL><LI><a href="#[89]">&gt;&gt;</a>&nbsp;&nbsp;&nbsp;EventRecord2
</UL>
<BR>[Called By]<UL><LI><a href="#[1b]">&gt;&gt;</a>&nbsp;&nbsp;&nbsp;svcRtxKernelLock
</UL>

<P><STRONG><a name="[95]"></a>EvrRtxKernelUnlock</STRONG> (Thumb, 16 bytes, Stack size 8 bytes, rtx_evr.o(.text), UNUSED)
<BR><BR>[Calls]<UL><LI><a href="#[89]">&gt;&gt;</a>&nbsp;&nbsp;&nbsp;EventRecord2
</UL>
<BR>[Called By]<UL><LI><a href="#[142]">&gt;&gt;</a>&nbsp;&nbsp;&nbsp;osKernelUnlock
</UL>

<P><STRONG><a name="[96]"></a>EvrRtxKernelUnlocked</STRONG> (Thumb, 18 bytes, Stack size 8 bytes, rtx_evr.o(.text))
<BR><BR>[Stack]<UL><LI>Max Depth = 88<LI>Call Chain = EvrRtxKernelUnlocked &rArr; EventRecord2 &rArr; EventRecordItem
</UL>
<BR>[Calls]<UL><LI><a href="#[89]">&gt;&gt;</a>&nbsp;&nbsp;&nbsp;EventRecord2
</UL>
<BR>[Called By]<UL><LI><a href="#[1c]">&gt;&gt;</a>&nbsp;&nbsp;&nbsp;svcRtxKernelUnlock
</UL>

<P><STRONG><a name="[97]"></a>EvrRtxKernelRestoreLock</STRONG> (Thumb, 18 bytes, Stack size 8 bytes, rtx_evr.o(.text), UNUSED)
<BR><BR>[Calls]<UL><LI><a href="#[89]">&gt;&gt;</a>&nbsp;&nbsp;&nbsp;EventRecord2
</UL>
<BR>[Called By]<UL><LI><a href="#[143]">&gt;&gt;</a>&nbsp;&nbsp;&nbsp;osKernelRestoreLock
</UL>

<P><STRONG><a name="[98]"></a>EvrRtxKernelLockRestored</STRONG> (Thumb, 18 bytes, Stack size 8 bytes, rtx_evr.o(.text))
<BR><BR>[Stack]<UL><LI>Max Depth = 88<LI>Call Chain = EvrRtxKernelLockRestored &rArr; EventRecord2 &rArr; EventRecordItem
</UL>
<BR>[Calls]<UL><LI><a href="#[89]">&gt;&gt;</a>&nbsp;&nbsp;&nbsp;EventRecord2
</UL>
<BR>[Called By]<UL><LI><a href="#[1d]">&gt;&gt;</a>&nbsp;&nbsp;&nbsp;svcRtxKernelRestoreLock
</UL>

<P><STRONG><a name="[99]"></a>EvrRtxKernelSuspend</STRONG> (Thumb, 16 bytes, Stack size 8 bytes, rtx_evr.o(.text), UNUSED)
<BR><BR>[Calls]<UL><LI><a href="#[89]">&gt;&gt;</a>&nbsp;&nbsp;&nbsp;EventRecord2
</UL>
<BR>[Called By]<UL><LI><a href="#[144]">&gt;&gt;</a>&nbsp;&nbsp;&nbsp;osKernelSuspend
</UL>

<P><STRONG><a name="[9a]"></a>EvrRtxKernelSuspended</STRONG> (Thumb, 18 bytes, Stack size 8 bytes, rtx_evr.o(.text))
<BR><BR>[Stack]<UL><LI>Max Depth = 88<LI>Call Chain = EvrRtxKernelSuspended &rArr; EventRecord2 &rArr; EventRecordItem
</UL>
<BR>[Calls]<UL><LI><a href="#[89]">&gt;&gt;</a>&nbsp;&nbsp;&nbsp;EventRecord2
</UL>
<BR>[Called By]<UL><LI><a href="#[1e]">&gt;&gt;</a>&nbsp;&nbsp;&nbsp;svcRtxKernelSuspend
</UL>

<P><STRONG><a name="[9b]"></a>EvrRtxKernelResume</STRONG> (Thumb, 18 bytes, Stack size 8 bytes, rtx_evr.o(.text), UNUSED)
<BR><BR>[Calls]<UL><LI><a href="#[89]">&gt;&gt;</a>&nbsp;&nbsp;&nbsp;EventRecord2
</UL>
<BR>[Called By]<UL><LI><a href="#[145]">&gt;&gt;</a>&nbsp;&nbsp;&nbsp;osKernelResume
</UL>

<P><STRONG><a name="[9c]"></a>EvrRtxKernelResumed</STRONG> (Thumb, 16 bytes, Stack size 8 bytes, rtx_evr.o(.text))
<BR><BR>[Stack]<UL><LI>Max Depth = 88<LI>Call Chain = EvrRtxKernelResumed &rArr; EventRecord2 &rArr; EventRecordItem
</UL>
<BR>[Calls]<UL><LI><a href="#[89]">&gt;&gt;</a>&nbsp;&nbsp;&nbsp;EventRecord2
</UL>
<BR>[Called By]<UL><LI><a href="#[1f]">&gt;&gt;</a>&nbsp;&nbsp;&nbsp;svcRtxKernelResume
</UL>

<P><STRONG><a name="[9d]"></a>EvrRtxKernelGetTickCount</STRONG> (Thumb, 18 bytes, Stack size 8 bytes, rtx_evr.o(.text))
<BR><BR>[Stack]<UL><LI>Max Depth = 88<LI>Call Chain = EvrRtxKernelGetTickCount &rArr; EventRecord2 &rArr; EventRecordItem
</UL>
<BR>[Calls]<UL><LI><a href="#[89]">&gt;&gt;</a>&nbsp;&nbsp;&nbsp;EventRecord2
</UL>
<BR>[Called By]<UL><LI><a href="#[20]">&gt;&gt;</a>&nbsp;&nbsp;&nbsp;svcRtxKernelGetTickCount
</UL>

<P><STRONG><a name="[9e]"></a>EvrRtxKernelGetTickFreq</STRONG> (Thumb, 18 bytes, Stack size 8 bytes, rtx_evr.o(.text))
<BR><BR>[Stack]<UL><LI>Max Depth = 88<LI>Call Chain = EvrRtxKernelGetTickFreq &rArr; EventRecord2 &rArr; EventRecordItem
</UL>
<BR>[Calls]<UL><LI><a href="#[89]">&gt;&gt;</a>&nbsp;&nbsp;&nbsp;EventRecord2
</UL>
<BR>[Called By]<UL><LI><a href="#[21]">&gt;&gt;</a>&nbsp;&nbsp;&nbsp;svcRtxKernelGetTickFreq
</UL>

<P><STRONG><a name="[9f]"></a>EvrRtxKernelGetSysTimerCount</STRONG> (Thumb, 18 bytes, Stack size 8 bytes, rtx_evr.o(.text))
<BR><BR>[Stack]<UL><LI>Max Depth = 88<LI>Call Chain = EvrRtxKernelGetSysTimerCount &rArr; EventRecord2 &rArr; EventRecordItem
</UL>
<BR>[Calls]<UL><LI><a href="#[89]">&gt;&gt;</a>&nbsp;&nbsp;&nbsp;EventRecord2
</UL>
<BR>[Called By]<UL><LI><a href="#[22]">&gt;&gt;</a>&nbsp;&nbsp;&nbsp;svcRtxKernelGetSysTimerCount
</UL>

<P><STRONG><a name="[a0]"></a>EvrRtxKernelGetSysTimerFreq</STRONG> (Thumb, 18 bytes, Stack size 8 bytes, rtx_evr.o(.text))
<BR><BR>[Stack]<UL><LI>Max Depth = 88<LI>Call Chain = EvrRtxKernelGetSysTimerFreq &rArr; EventRecord2 &rArr; EventRecordItem
</UL>
<BR>[Calls]<UL><LI><a href="#[89]">&gt;&gt;</a>&nbsp;&nbsp;&nbsp;EventRecord2
</UL>
<BR>[Called By]<UL><LI><a href="#[23]">&gt;&gt;</a>&nbsp;&nbsp;&nbsp;svcRtxKernelGetSysTimerFreq
</UL>

<P><STRONG><a name="[7d]"></a>EvrRtxThreadError</STRONG> (Thumb, 20 bytes, Stack size 16 bytes, rtx_evr.o(.text))
<BR><BR>[Stack]<UL><LI>Max Depth = 96<LI>Call Chain = EvrRtxThreadError &rArr; EventRecord2 &rArr; EventRecordItem
</UL>
<BR>[Calls]<UL><LI><a href="#[89]">&gt;&gt;</a>&nbsp;&nbsp;&nbsp;EventRecord2
</UL>
<BR>[Called By]<UL><LI><a href="#[81]">&gt;&gt;</a>&nbsp;&nbsp;&nbsp;osDelayUntil
<LI><a href="#[16]">&gt;&gt;</a>&nbsp;&nbsp;&nbsp;svcRtxDelayUntil
<LI><a href="#[74]">&gt;&gt;</a>&nbsp;&nbsp;&nbsp;osThreadNew
<LI><a href="#[6e]">&gt;&gt;</a>&nbsp;&nbsp;&nbsp;osThreadFlagsWait
<LI><a href="#[6c]">&gt;&gt;</a>&nbsp;&nbsp;&nbsp;osDelay
<LI><a href="#[1ae]">&gt;&gt;</a>&nbsp;&nbsp;&nbsp;osThreadFlagsClear
<LI><a href="#[1aa]">&gt;&gt;</a>&nbsp;&nbsp;&nbsp;osThreadTerminate
<LI><a href="#[1a9]">&gt;&gt;</a>&nbsp;&nbsp;&nbsp;osThreadJoin
<LI><a href="#[1a8]">&gt;&gt;</a>&nbsp;&nbsp;&nbsp;osThreadDetach
<LI><a href="#[1a7]">&gt;&gt;</a>&nbsp;&nbsp;&nbsp;osThreadResume
<LI><a href="#[1a6]">&gt;&gt;</a>&nbsp;&nbsp;&nbsp;osThreadSuspend
<LI><a href="#[1a5]">&gt;&gt;</a>&nbsp;&nbsp;&nbsp;osThreadYield
<LI><a href="#[1a3]">&gt;&gt;</a>&nbsp;&nbsp;&nbsp;osThreadSetPriority
<LI><a href="#[19a]">&gt;&gt;</a>&nbsp;&nbsp;&nbsp;osThreadExit
<LI><a href="#[1ad]">&gt;&gt;</a>&nbsp;&nbsp;&nbsp;isrRtxThreadFlagsSet
<LI><a href="#[56]">&gt;&gt;</a>&nbsp;&nbsp;&nbsp;svcRtxThreadFlagsWait
<LI><a href="#[54]">&gt;&gt;</a>&nbsp;&nbsp;&nbsp;svcRtxThreadFlagsClear
<LI><a href="#[53]">&gt;&gt;</a>&nbsp;&nbsp;&nbsp;svcRtxThreadFlagsSet
<LI><a href="#[50]">&gt;&gt;</a>&nbsp;&nbsp;&nbsp;svcRtxThreadTerminate
<LI><a href="#[4f]">&gt;&gt;</a>&nbsp;&nbsp;&nbsp;svcRtxThreadJoin
<LI><a href="#[4e]">&gt;&gt;</a>&nbsp;&nbsp;&nbsp;svcRtxThreadDetach
<LI><a href="#[4d]">&gt;&gt;</a>&nbsp;&nbsp;&nbsp;svcRtxThreadResume
<LI><a href="#[4c]">&gt;&gt;</a>&nbsp;&nbsp;&nbsp;svcRtxThreadSuspend
<LI><a href="#[49]">&gt;&gt;</a>&nbsp;&nbsp;&nbsp;svcRtxThreadSetPriority
<LI><a href="#[43]">&gt;&gt;</a>&nbsp;&nbsp;&nbsp;svcRtxThreadNew
</UL>

<P><STRONG><a name="[a1]"></a>EvrRtxThreadNew</STRONG> (Thumb, 38 bytes, Stack size 24 bytes, rtx_evr.o(.text))
<BR><BR>[Stack]<UL><LI>Max Depth = 120<LI>Call Chain = EvrRtxThreadNew &rArr; EventRecordData &rArr; EventRecordItem
</UL>
<BR>[Calls]<UL><LI><a href="#[a2]">&gt;&gt;</a>&nbsp;&nbsp;&nbsp;EventRecordData
<LI><a href="#[84]">&gt;&gt;</a>&nbsp;&nbsp;&nbsp;EventRecord4
</UL>
<BR>[Called By]<UL><LI><a href="#[74]">&gt;&gt;</a>&nbsp;&nbsp;&nbsp;osThreadNew
</UL>

<P><STRONG><a name="[a3]"></a>EvrRtxThreadCreated</STRONG> (Thumb, 36 bytes, Stack size 16 bytes, rtx_evr.o(.text))
<BR><BR>[Stack]<UL><LI>Max Depth = 96<LI>Call Chain = EvrRtxThreadCreated &rArr; EventRecord2 &rArr; EventRecordItem
</UL>
<BR>[Calls]<UL><LI><a href="#[89]">&gt;&gt;</a>&nbsp;&nbsp;&nbsp;EventRecord2
</UL>
<BR>[Called By]<UL><LI><a href="#[43]">&gt;&gt;</a>&nbsp;&nbsp;&nbsp;svcRtxThreadNew
</UL>

<P><STRONG><a name="[a4]"></a>EvrRtxThreadGetName</STRONG> (Thumb, 20 bytes, Stack size 16 bytes, rtx_evr.o(.text))
<BR><BR>[Stack]<UL><LI>Max Depth = 96<LI>Call Chain = EvrRtxThreadGetName &rArr; EventRecord2 &rArr; EventRecordItem
</UL>
<BR>[Calls]<UL><LI><a href="#[89]">&gt;&gt;</a>&nbsp;&nbsp;&nbsp;EventRecord2
</UL>
<BR>[Called By]<UL><LI><a href="#[19e]">&gt;&gt;</a>&nbsp;&nbsp;&nbsp;osThreadGetName
<LI><a href="#[44]">&gt;&gt;</a>&nbsp;&nbsp;&nbsp;svcRtxThreadGetName
</UL>

<P><STRONG><a name="[a5]"></a>EvrRtxThreadGetId</STRONG> (Thumb, 18 bytes, Stack size 8 bytes, rtx_evr.o(.text))
<BR><BR>[Stack]<UL><LI>Max Depth = 88<LI>Call Chain = EvrRtxThreadGetId &rArr; EventRecord2 &rArr; EventRecordItem
</UL>
<BR>[Calls]<UL><LI><a href="#[89]">&gt;&gt;</a>&nbsp;&nbsp;&nbsp;EventRecord2
</UL>
<BR>[Called By]<UL><LI><a href="#[45]">&gt;&gt;</a>&nbsp;&nbsp;&nbsp;svcRtxThreadGetId
</UL>

<P><STRONG><a name="[a6]"></a>EvrRtxThreadGetState</STRONG> (Thumb, 20 bytes, Stack size 16 bytes, rtx_evr.o(.text))
<BR><BR>[Stack]<UL><LI>Max Depth = 96<LI>Call Chain = EvrRtxThreadGetState &rArr; EventRecord2 &rArr; EventRecordItem
</UL>
<BR>[Calls]<UL><LI><a href="#[89]">&gt;&gt;</a>&nbsp;&nbsp;&nbsp;EventRecord2
</UL>
<BR>[Called By]<UL><LI><a href="#[1a0]">&gt;&gt;</a>&nbsp;&nbsp;&nbsp;osThreadGetState
<LI><a href="#[46]">&gt;&gt;</a>&nbsp;&nbsp;&nbsp;svcRtxThreadGetState
</UL>

<P><STRONG><a name="[a7]"></a>EvrRtxThreadGetStackSize</STRONG> (Thumb, 20 bytes, Stack size 16 bytes, rtx_evr.o(.text))
<BR><BR>[Stack]<UL><LI>Max Depth = 96<LI>Call Chain = EvrRtxThreadGetStackSize &rArr; EventRecord2 &rArr; EventRecordItem
</UL>
<BR>[Calls]<UL><LI><a href="#[89]">&gt;&gt;</a>&nbsp;&nbsp;&nbsp;EventRecord2
</UL>
<BR>[Called By]<UL><LI><a href="#[1a1]">&gt;&gt;</a>&nbsp;&nbsp;&nbsp;osThreadGetStackSize
<LI><a href="#[47]">&gt;&gt;</a>&nbsp;&nbsp;&nbsp;svcRtxThreadGetStackSize
</UL>

<P><STRONG><a name="[a8]"></a>EvrRtxThreadGetStackSpace</STRONG> (Thumb, 20 bytes, Stack size 16 bytes, rtx_evr.o(.text))
<BR><BR>[Stack]<UL><LI>Max Depth = 96<LI>Call Chain = EvrRtxThreadGetStackSpace &rArr; EventRecord2 &rArr; EventRecordItem
</UL>
<BR>[Calls]<UL><LI><a href="#[89]">&gt;&gt;</a>&nbsp;&nbsp;&nbsp;EventRecord2
</UL>
<BR>[Called By]<UL><LI><a href="#[1a2]">&gt;&gt;</a>&nbsp;&nbsp;&nbsp;osThreadGetStackSpace
<LI><a href="#[48]">&gt;&gt;</a>&nbsp;&nbsp;&nbsp;svcRtxThreadGetStackSpace
</UL>

<P><STRONG><a name="[a9]"></a>EvrRtxThreadSetPriority</STRONG> (Thumb, 20 bytes, Stack size 16 bytes, rtx_evr.o(.text), UNUSED)
<BR><BR>[Calls]<UL><LI><a href="#[89]">&gt;&gt;</a>&nbsp;&nbsp;&nbsp;EventRecord2
</UL>
<BR>[Called By]<UL><LI><a href="#[1a3]">&gt;&gt;</a>&nbsp;&nbsp;&nbsp;osThreadSetPriority
</UL>

<P><STRONG><a name="[aa]"></a>EvrRtxThreadGetPriority</STRONG> (Thumb, 20 bytes, Stack size 16 bytes, rtx_evr.o(.text))
<BR><BR>[Stack]<UL><LI>Max Depth = 96<LI>Call Chain = EvrRtxThreadGetPriority &rArr; EventRecord2 &rArr; EventRecordItem
</UL>
<BR>[Calls]<UL><LI><a href="#[89]">&gt;&gt;</a>&nbsp;&nbsp;&nbsp;EventRecord2
</UL>
<BR>[Called By]<UL><LI><a href="#[1a4]">&gt;&gt;</a>&nbsp;&nbsp;&nbsp;osThreadGetPriority
<LI><a href="#[4a]">&gt;&gt;</a>&nbsp;&nbsp;&nbsp;svcRtxThreadGetPriority
</UL>

<P><STRONG><a name="[ab]"></a>EvrRtxThreadYield</STRONG> (Thumb, 16 bytes, Stack size 8 bytes, rtx_evr.o(.text), UNUSED)
<BR><BR>[Calls]<UL><LI><a href="#[89]">&gt;&gt;</a>&nbsp;&nbsp;&nbsp;EventRecord2
</UL>
<BR>[Called By]<UL><LI><a href="#[1a5]">&gt;&gt;</a>&nbsp;&nbsp;&nbsp;osThreadYield
</UL>

<P><STRONG><a name="[ac]"></a>EvrRtxThreadSuspend</STRONG> (Thumb, 18 bytes, Stack size 8 bytes, rtx_evr.o(.text), UNUSED)
<BR><BR>[Calls]<UL><LI><a href="#[89]">&gt;&gt;</a>&nbsp;&nbsp;&nbsp;EventRecord2
</UL>
<BR>[Called By]<UL><LI><a href="#[1a6]">&gt;&gt;</a>&nbsp;&nbsp;&nbsp;osThreadSuspend
</UL>

<P><STRONG><a name="[ad]"></a>EvrRtxThreadSuspended</STRONG> (Thumb, 18 bytes, Stack size 8 bytes, rtx_evr.o(.text))
<BR><BR>[Stack]<UL><LI>Max Depth = 88<LI>Call Chain = EvrRtxThreadSuspended &rArr; EventRecord2 &rArr; EventRecordItem
</UL>
<BR>[Calls]<UL><LI><a href="#[89]">&gt;&gt;</a>&nbsp;&nbsp;&nbsp;EventRecord2
</UL>
<BR>[Called By]<UL><LI><a href="#[4c]">&gt;&gt;</a>&nbsp;&nbsp;&nbsp;svcRtxThreadSuspend
</UL>

<P><STRONG><a name="[ae]"></a>EvrRtxThreadResume</STRONG> (Thumb, 18 bytes, Stack size 8 bytes, rtx_evr.o(.text), UNUSED)
<BR><BR>[Calls]<UL><LI><a href="#[89]">&gt;&gt;</a>&nbsp;&nbsp;&nbsp;EventRecord2
</UL>
<BR>[Called By]<UL><LI><a href="#[1a7]">&gt;&gt;</a>&nbsp;&nbsp;&nbsp;osThreadResume
</UL>

<P><STRONG><a name="[af]"></a>EvrRtxThreadResumed</STRONG> (Thumb, 18 bytes, Stack size 8 bytes, rtx_evr.o(.text))
<BR><BR>[Stack]<UL><LI>Max Depth = 88<LI>Call Chain = EvrRtxThreadResumed &rArr; EventRecord2 &rArr; EventRecordItem
</UL>
<BR>[Calls]<UL><LI><a href="#[89]">&gt;&gt;</a>&nbsp;&nbsp;&nbsp;EventRecord2
</UL>
<BR>[Called By]<UL><LI><a href="#[4d]">&gt;&gt;</a>&nbsp;&nbsp;&nbsp;svcRtxThreadResume
</UL>

<P><STRONG><a name="[b0]"></a>EvrRtxThreadDetach</STRONG> (Thumb, 18 bytes, Stack size 8 bytes, rtx_evr.o(.text), UNUSED)
<BR><BR>[Calls]<UL><LI><a href="#[89]">&gt;&gt;</a>&nbsp;&nbsp;&nbsp;EventRecord2
</UL>
<BR>[Called By]<UL><LI><a href="#[1a8]">&gt;&gt;</a>&nbsp;&nbsp;&nbsp;osThreadDetach
</UL>

<P><STRONG><a name="[b1]"></a>EvrRtxThreadDetached</STRONG> (Thumb, 18 bytes, Stack size 8 bytes, rtx_evr.o(.text))
<BR><BR>[Stack]<UL><LI>Max Depth = 88<LI>Call Chain = EvrRtxThreadDetached &rArr; EventRecord2 &rArr; EventRecordItem
</UL>
<BR>[Calls]<UL><LI><a href="#[89]">&gt;&gt;</a>&nbsp;&nbsp;&nbsp;EventRecord2
</UL>
<BR>[Called By]<UL><LI><a href="#[4e]">&gt;&gt;</a>&nbsp;&nbsp;&nbsp;svcRtxThreadDetach
</UL>

<P><STRONG><a name="[b2]"></a>EvrRtxThreadJoin</STRONG> (Thumb, 18 bytes, Stack size 8 bytes, rtx_evr.o(.text), UNUSED)
<BR><BR>[Calls]<UL><LI><a href="#[89]">&gt;&gt;</a>&nbsp;&nbsp;&nbsp;EventRecord2
</UL>
<BR>[Called By]<UL><LI><a href="#[1a9]">&gt;&gt;</a>&nbsp;&nbsp;&nbsp;osThreadJoin
</UL>

<P><STRONG><a name="[b3]"></a>EvrRtxThreadJoinPending</STRONG> (Thumb, 18 bytes, Stack size 8 bytes, rtx_evr.o(.text))
<BR><BR>[Stack]<UL><LI>Max Depth = 88<LI>Call Chain = EvrRtxThreadJoinPending &rArr; EventRecord2 &rArr; EventRecordItem
</UL>
<BR>[Calls]<UL><LI><a href="#[89]">&gt;&gt;</a>&nbsp;&nbsp;&nbsp;EventRecord2
</UL>
<BR>[Called By]<UL><LI><a href="#[4f]">&gt;&gt;</a>&nbsp;&nbsp;&nbsp;svcRtxThreadJoin
</UL>

<P><STRONG><a name="[b4]"></a>EvrRtxThreadJoined</STRONG> (Thumb, 18 bytes, Stack size 8 bytes, rtx_evr.o(.text))
<BR><BR>[Stack]<UL><LI>Max Depth = 88<LI>Call Chain = EvrRtxThreadJoined &rArr; EventRecord2 &rArr; EventRecordItem
</UL>
<BR>[Calls]<UL><LI><a href="#[89]">&gt;&gt;</a>&nbsp;&nbsp;&nbsp;EventRecord2
</UL>
<BR>[Called By]<UL><LI><a href="#[50]">&gt;&gt;</a>&nbsp;&nbsp;&nbsp;svcRtxThreadTerminate
<LI><a href="#[4f]">&gt;&gt;</a>&nbsp;&nbsp;&nbsp;svcRtxThreadJoin
<LI><a href="#[3f]">&gt;&gt;</a>&nbsp;&nbsp;&nbsp;svcRtxThreadExit
</UL>

<P><STRONG><a name="[b5]"></a>EvrRtxThreadBlocked</STRONG> (Thumb, 20 bytes, Stack size 16 bytes, rtx_evr.o(.text))
<BR><BR>[Stack]<UL><LI>Max Depth = 96<LI>Call Chain = EvrRtxThreadBlocked &rArr; EventRecord2 &rArr; EventRecordItem
</UL>
<BR>[Calls]<UL><LI><a href="#[89]">&gt;&gt;</a>&nbsp;&nbsp;&nbsp;EventRecord2
</UL>
<BR>[Called By]<UL><LI><a href="#[7b]">&gt;&gt;</a>&nbsp;&nbsp;&nbsp;osRtxThreadWaitEnter
</UL>

<P><STRONG><a name="[b6]"></a>EvrRtxThreadUnblocked</STRONG> (Thumb, 20 bytes, Stack size 16 bytes, rtx_evr.o(.text))
<BR><BR>[Stack]<UL><LI>Max Depth = 96<LI>Call Chain = EvrRtxThreadUnblocked &rArr; EventRecord2 &rArr; EventRecordItem
</UL>
<BR>[Calls]<UL><LI><a href="#[89]">&gt;&gt;</a>&nbsp;&nbsp;&nbsp;EventRecord2
</UL>
<BR>[Called By]<UL><LI><a href="#[136]">&gt;&gt;</a>&nbsp;&nbsp;&nbsp;osRtxThreadDelayTick
<LI><a href="#[152]">&gt;&gt;</a>&nbsp;&nbsp;&nbsp;osRtxThreadWaitExit
</UL>

<P><STRONG><a name="[b7]"></a>EvrRtxThreadPreempted</STRONG> (Thumb, 18 bytes, Stack size 8 bytes, rtx_evr.o(.text))
<BR><BR>[Stack]<UL><LI>Max Depth = 88<LI>Call Chain = EvrRtxThreadPreempted &rArr; EventRecord2 &rArr; EventRecordItem
</UL>
<BR>[Calls]<UL><LI><a href="#[89]">&gt;&gt;</a>&nbsp;&nbsp;&nbsp;EventRecord2
</UL>
<BR>[Called By]<UL><LI><a href="#[7a]">&gt;&gt;</a>&nbsp;&nbsp;&nbsp;osRtxTick_Handler
<LI><a href="#[4b]">&gt;&gt;</a>&nbsp;&nbsp;&nbsp;svcRtxThreadYield
<LI><a href="#[192]">&gt;&gt;</a>&nbsp;&nbsp;&nbsp;osRtxThreadBlock
</UL>

<P><STRONG><a name="[b8]"></a>EvrRtxThreadSwitched</STRONG> (Thumb, 44 bytes, Stack size 8 bytes, rtx_evr.o(.text))
<BR><BR>[Stack]<UL><LI>Max Depth = 88<LI>Call Chain = EvrRtxThreadSwitched &rArr; EventRecord2 &rArr; EventRecordItem
</UL>
<BR>[Calls]<UL><LI><a href="#[89]">&gt;&gt;</a>&nbsp;&nbsp;&nbsp;EventRecord2
</UL>
<BR>[Called By]<UL><LI><a href="#[135]">&gt;&gt;</a>&nbsp;&nbsp;&nbsp;osRtxThreadSwitch
</UL>

<P><STRONG><a name="[b9]"></a>EvrRtxThreadExit</STRONG> (Thumb, 14 bytes, Stack size 8 bytes, rtx_evr.o(.text))
<BR><BR>[Stack]<UL><LI>Max Depth = 88<LI>Call Chain = EvrRtxThreadExit &rArr; EventRecord2 &rArr; EventRecordItem
</UL>
<BR>[Calls]<UL><LI><a href="#[89]">&gt;&gt;</a>&nbsp;&nbsp;&nbsp;EventRecord2
</UL>
<BR>[Called By]<UL><LI><a href="#[19a]">&gt;&gt;</a>&nbsp;&nbsp;&nbsp;osThreadExit
</UL>

<P><STRONG><a name="[ba]"></a>EvrRtxThreadTerminate</STRONG> (Thumb, 18 bytes, Stack size 8 bytes, rtx_evr.o(.text), UNUSED)
<BR><BR>[Calls]<UL><LI><a href="#[89]">&gt;&gt;</a>&nbsp;&nbsp;&nbsp;EventRecord2
</UL>
<BR>[Called By]<UL><LI><a href="#[1aa]">&gt;&gt;</a>&nbsp;&nbsp;&nbsp;osThreadTerminate
</UL>

<P><STRONG><a name="[bb]"></a>EvrRtxThreadDestroyed</STRONG> (Thumb, 16 bytes, Stack size 8 bytes, rtx_evr.o(.text))
<BR><BR>[Stack]<UL><LI>Max Depth = 88<LI>Call Chain = EvrRtxThreadDestroyed &rArr; EventRecord2 &rArr; EventRecordItem
</UL>
<BR>[Calls]<UL><LI><a href="#[89]">&gt;&gt;</a>&nbsp;&nbsp;&nbsp;EventRecord2
</UL>
<BR>[Called By]<UL><LI><a href="#[50]">&gt;&gt;</a>&nbsp;&nbsp;&nbsp;svcRtxThreadTerminate
<LI><a href="#[3f]">&gt;&gt;</a>&nbsp;&nbsp;&nbsp;svcRtxThreadExit
</UL>

<P><STRONG><a name="[bc]"></a>EvrRtxThreadGetCount</STRONG> (Thumb, 18 bytes, Stack size 8 bytes, rtx_evr.o(.text))
<BR><BR>[Stack]<UL><LI>Max Depth = 88<LI>Call Chain = EvrRtxThreadGetCount &rArr; EventRecord2 &rArr; EventRecordItem
</UL>
<BR>[Calls]<UL><LI><a href="#[89]">&gt;&gt;</a>&nbsp;&nbsp;&nbsp;EventRecord2
</UL>
<BR>[Called By]<UL><LI><a href="#[1ab]">&gt;&gt;</a>&nbsp;&nbsp;&nbsp;osThreadGetCount
<LI><a href="#[51]">&gt;&gt;</a>&nbsp;&nbsp;&nbsp;svcRtxThreadGetCount
</UL>

<P><STRONG><a name="[bd]"></a>EvrRtxThreadEnumerate</STRONG> (Thumb, 28 bytes, Stack size 24 bytes, rtx_evr.o(.text))
<BR><BR>[Stack]<UL><LI>Max Depth = 120<LI>Call Chain = EvrRtxThreadEnumerate &rArr; EventRecord4 &rArr; EventRecordItem
</UL>
<BR>[Calls]<UL><LI><a href="#[84]">&gt;&gt;</a>&nbsp;&nbsp;&nbsp;EventRecord4
</UL>
<BR>[Called By]<UL><LI><a href="#[1ac]">&gt;&gt;</a>&nbsp;&nbsp;&nbsp;osThreadEnumerate
<LI><a href="#[52]">&gt;&gt;</a>&nbsp;&nbsp;&nbsp;svcRtxThreadEnumerate
</UL>

<P><STRONG><a name="[be]"></a>EvrRtxThreadFlagsSet</STRONG> (Thumb, 20 bytes, Stack size 16 bytes, rtx_evr.o(.text))
<BR><BR>[Stack]<UL><LI>Max Depth = 96<LI>Call Chain = EvrRtxThreadFlagsSet &rArr; EventRecord2 &rArr; EventRecordItem
</UL>
<BR>[Calls]<UL><LI><a href="#[89]">&gt;&gt;</a>&nbsp;&nbsp;&nbsp;EventRecord2
</UL>
<BR>[Called By]<UL><LI><a href="#[6b]">&gt;&gt;</a>&nbsp;&nbsp;&nbsp;osThreadFlagsSet
</UL>

<P><STRONG><a name="[bf]"></a>EvrRtxThreadFlagsSetDone</STRONG> (Thumb, 20 bytes, Stack size 16 bytes, rtx_evr.o(.text))
<BR><BR>[Stack]<UL><LI>Max Depth = 96<LI>Call Chain = EvrRtxThreadFlagsSetDone &rArr; EventRecord2 &rArr; EventRecordItem
</UL>
<BR>[Calls]<UL><LI><a href="#[89]">&gt;&gt;</a>&nbsp;&nbsp;&nbsp;EventRecord2
</UL>
<BR>[Called By]<UL><LI><a href="#[1ad]">&gt;&gt;</a>&nbsp;&nbsp;&nbsp;isrRtxThreadFlagsSet
<LI><a href="#[53]">&gt;&gt;</a>&nbsp;&nbsp;&nbsp;svcRtxThreadFlagsSet
</UL>

<P><STRONG><a name="[c0]"></a>EvrRtxThreadFlagsClear</STRONG> (Thumb, 18 bytes, Stack size 8 bytes, rtx_evr.o(.text), UNUSED)
<BR><BR>[Calls]<UL><LI><a href="#[89]">&gt;&gt;</a>&nbsp;&nbsp;&nbsp;EventRecord2
</UL>
<BR>[Called By]<UL><LI><a href="#[1ae]">&gt;&gt;</a>&nbsp;&nbsp;&nbsp;osThreadFlagsClear
</UL>

<P><STRONG><a name="[c1]"></a>EvrRtxThreadFlagsClearDone</STRONG> (Thumb, 18 bytes, Stack size 8 bytes, rtx_evr.o(.text))
<BR><BR>[Stack]<UL><LI>Max Depth = 88<LI>Call Chain = EvrRtxThreadFlagsClearDone &rArr; EventRecord2 &rArr; EventRecordItem
</UL>
<BR>[Calls]<UL><LI><a href="#[89]">&gt;&gt;</a>&nbsp;&nbsp;&nbsp;EventRecord2
</UL>
<BR>[Called By]<UL><LI><a href="#[54]">&gt;&gt;</a>&nbsp;&nbsp;&nbsp;svcRtxThreadFlagsClear
</UL>

<P><STRONG><a name="[c2]"></a>EvrRtxThreadFlagsGet</STRONG> (Thumb, 18 bytes, Stack size 8 bytes, rtx_evr.o(.text))
<BR><BR>[Stack]<UL><LI>Max Depth = 88<LI>Call Chain = EvrRtxThreadFlagsGet &rArr; EventRecord2 &rArr; EventRecordItem
</UL>
<BR>[Calls]<UL><LI><a href="#[89]">&gt;&gt;</a>&nbsp;&nbsp;&nbsp;EventRecord2
</UL>
<BR>[Called By]<UL><LI><a href="#[1af]">&gt;&gt;</a>&nbsp;&nbsp;&nbsp;osThreadFlagsGet
<LI><a href="#[55]">&gt;&gt;</a>&nbsp;&nbsp;&nbsp;svcRtxThreadFlagsGet
</UL>

<P><STRONG><a name="[c3]"></a>EvrRtxThreadFlagsWait</STRONG> (Thumb, 28 bytes, Stack size 24 bytes, rtx_evr.o(.text))
<BR><BR>[Stack]<UL><LI>Max Depth = 120<LI>Call Chain = EvrRtxThreadFlagsWait &rArr; EventRecord4 &rArr; EventRecordItem
</UL>
<BR>[Calls]<UL><LI><a href="#[84]">&gt;&gt;</a>&nbsp;&nbsp;&nbsp;EventRecord4
</UL>
<BR>[Called By]<UL><LI><a href="#[6e]">&gt;&gt;</a>&nbsp;&nbsp;&nbsp;osThreadFlagsWait
</UL>

<P><STRONG><a name="[c4]"></a>EvrRtxThreadFlagsWaitPending</STRONG> (Thumb, 28 bytes, Stack size 24 bytes, rtx_evr.o(.text))
<BR><BR>[Stack]<UL><LI>Max Depth = 120<LI>Call Chain = EvrRtxThreadFlagsWaitPending &rArr; EventRecord4 &rArr; EventRecordItem
</UL>
<BR>[Calls]<UL><LI><a href="#[84]">&gt;&gt;</a>&nbsp;&nbsp;&nbsp;EventRecord4
</UL>
<BR>[Called By]<UL><LI><a href="#[56]">&gt;&gt;</a>&nbsp;&nbsp;&nbsp;svcRtxThreadFlagsWait
</UL>

<P><STRONG><a name="[c5]"></a>EvrRtxThreadFlagsWaitTimeout</STRONG> (Thumb, 16 bytes, Stack size 8 bytes, rtx_evr.o(.text))
<BR><BR>[Stack]<UL><LI>Max Depth = 88<LI>Call Chain = EvrRtxThreadFlagsWaitTimeout &rArr; EventRecord2 &rArr; EventRecordItem
</UL>
<BR>[Calls]<UL><LI><a href="#[89]">&gt;&gt;</a>&nbsp;&nbsp;&nbsp;EventRecord2
</UL>
<BR>[Called By]<UL><LI><a href="#[136]">&gt;&gt;</a>&nbsp;&nbsp;&nbsp;osRtxThreadDelayTick
<LI><a href="#[56]">&gt;&gt;</a>&nbsp;&nbsp;&nbsp;svcRtxThreadFlagsWait
</UL>

<P><STRONG><a name="[c6]"></a>EvrRtxThreadFlagsWaitCompleted</STRONG> (Thumb, 28 bytes, Stack size 24 bytes, rtx_evr.o(.text))
<BR><BR>[Stack]<UL><LI>Max Depth = 120<LI>Call Chain = EvrRtxThreadFlagsWaitCompleted &rArr; EventRecord4 &rArr; EventRecordItem
</UL>
<BR>[Calls]<UL><LI><a href="#[84]">&gt;&gt;</a>&nbsp;&nbsp;&nbsp;EventRecord4
</UL>
<BR>[Called By]<UL><LI><a href="#[56]">&gt;&gt;</a>&nbsp;&nbsp;&nbsp;svcRtxThreadFlagsWait
<LI><a href="#[53]">&gt;&gt;</a>&nbsp;&nbsp;&nbsp;svcRtxThreadFlagsSet
<LI><a href="#[40]">&gt;&gt;</a>&nbsp;&nbsp;&nbsp;osRtxThreadPostProcess
</UL>

<P><STRONG><a name="[c7]"></a>EvrRtxThreadFlagsWaitNotCompleted</STRONG> (Thumb, 20 bytes, Stack size 16 bytes, rtx_evr.o(.text))
<BR><BR>[Stack]<UL><LI>Max Depth = 96<LI>Call Chain = EvrRtxThreadFlagsWaitNotCompleted &rArr; EventRecord2 &rArr; EventRecordItem
</UL>
<BR>[Calls]<UL><LI><a href="#[89]">&gt;&gt;</a>&nbsp;&nbsp;&nbsp;EventRecord2
</UL>
<BR>[Called By]<UL><LI><a href="#[56]">&gt;&gt;</a>&nbsp;&nbsp;&nbsp;svcRtxThreadFlagsWait
</UL>

<P><STRONG><a name="[7e]"></a>EvrRtxThreadDelay</STRONG> (Thumb, 18 bytes, Stack size 8 bytes, rtx_evr.o(.text))
<BR><BR>[Stack]<UL><LI>Max Depth = 88<LI>Call Chain = EvrRtxThreadDelay &rArr; EventRecord2 &rArr; EventRecordItem
</UL>
<BR>[Calls]<UL><LI><a href="#[89]">&gt;&gt;</a>&nbsp;&nbsp;&nbsp;EventRecord2
</UL>
<BR>[Called By]<UL><LI><a href="#[6c]">&gt;&gt;</a>&nbsp;&nbsp;&nbsp;osDelay
</UL>

<P><STRONG><a name="[82]"></a>EvrRtxThreadDelayUntil</STRONG> (Thumb, 18 bytes, Stack size 8 bytes, rtx_evr.o(.text), UNUSED)
<BR><BR>[Calls]<UL><LI><a href="#[89]">&gt;&gt;</a>&nbsp;&nbsp;&nbsp;EventRecord2
</UL>
<BR>[Called By]<UL><LI><a href="#[81]">&gt;&gt;</a>&nbsp;&nbsp;&nbsp;osDelayUntil
</UL>

<P><STRONG><a name="[7c]"></a>EvrRtxThreadDelayCompleted</STRONG> (Thumb, 16 bytes, Stack size 8 bytes, rtx_evr.o(.text))
<BR><BR>[Stack]<UL><LI>Max Depth = 88<LI>Call Chain = EvrRtxThreadDelayCompleted &rArr; EventRecord2 &rArr; EventRecordItem
</UL>
<BR>[Calls]<UL><LI><a href="#[89]">&gt;&gt;</a>&nbsp;&nbsp;&nbsp;EventRecord2
</UL>
<BR>[Called By]<UL><LI><a href="#[136]">&gt;&gt;</a>&nbsp;&nbsp;&nbsp;osRtxThreadDelayTick
<LI><a href="#[16]">&gt;&gt;</a>&nbsp;&nbsp;&nbsp;svcRtxDelayUntil
<LI><a href="#[15]">&gt;&gt;</a>&nbsp;&nbsp;&nbsp;svcRtxDelay
</UL>

<P><STRONG><a name="[c8]"></a>EvrRtxTimerError</STRONG> (Thumb, 20 bytes, Stack size 16 bytes, rtx_evr.o(.text))
<BR><BR>[Stack]<UL><LI>Max Depth = 96<LI>Call Chain = EvrRtxTimerError &rArr; EventRecord2 &rArr; EventRecordItem
</UL>
<BR>[Calls]<UL><LI><a href="#[89]">&gt;&gt;</a>&nbsp;&nbsp;&nbsp;EventRecord2
</UL>
<BR>[Called By]<UL><LI><a href="#[1ba]">&gt;&gt;</a>&nbsp;&nbsp;&nbsp;osTimerDelete
<LI><a href="#[1b8]">&gt;&gt;</a>&nbsp;&nbsp;&nbsp;osTimerStop
<LI><a href="#[1b7]">&gt;&gt;</a>&nbsp;&nbsp;&nbsp;osTimerStart
<LI><a href="#[1b3]">&gt;&gt;</a>&nbsp;&nbsp;&nbsp;osTimerNew
<LI><a href="#[5d]">&gt;&gt;</a>&nbsp;&nbsp;&nbsp;svcRtxTimerDelete
<LI><a href="#[5b]">&gt;&gt;</a>&nbsp;&nbsp;&nbsp;svcRtxTimerStop
<LI><a href="#[5a]">&gt;&gt;</a>&nbsp;&nbsp;&nbsp;svcRtxTimerStart
<LI><a href="#[58]">&gt;&gt;</a>&nbsp;&nbsp;&nbsp;svcRtxTimerNew
</UL>

<P><STRONG><a name="[c9]"></a>EvrRtxTimerCallback</STRONG> (Thumb, 20 bytes, Stack size 16 bytes, rtx_evr.o(.text))
<BR><BR>[Stack]<UL><LI>Max Depth = 96<LI>Call Chain = EvrRtxTimerCallback &rArr; EventRecord2 &rArr; EventRecordItem
</UL>
<BR>[Calls]<UL><LI><a href="#[89]">&gt;&gt;</a>&nbsp;&nbsp;&nbsp;EventRecord2
</UL>
<BR>[Called By]<UL><LI><a href="#[42]">&gt;&gt;</a>&nbsp;&nbsp;&nbsp;osRtxTimerThread
</UL>

<P><STRONG><a name="[ca]"></a>EvrRtxTimerNew</STRONG> (Thumb, 40 bytes, Stack size 24 bytes, rtx_evr.o(.text), UNUSED)
<BR><BR>[Calls]<UL><LI><a href="#[a2]">&gt;&gt;</a>&nbsp;&nbsp;&nbsp;EventRecordData
<LI><a href="#[84]">&gt;&gt;</a>&nbsp;&nbsp;&nbsp;EventRecord4
</UL>
<BR>[Called By]<UL><LI><a href="#[1b3]">&gt;&gt;</a>&nbsp;&nbsp;&nbsp;osTimerNew
</UL>

<P><STRONG><a name="[cb]"></a>EvrRtxTimerCreated</STRONG> (Thumb, 20 bytes, Stack size 16 bytes, rtx_evr.o(.text))
<BR><BR>[Stack]<UL><LI>Max Depth = 96<LI>Call Chain = EvrRtxTimerCreated &rArr; EventRecord2 &rArr; EventRecordItem
</UL>
<BR>[Calls]<UL><LI><a href="#[89]">&gt;&gt;</a>&nbsp;&nbsp;&nbsp;EventRecord2
</UL>
<BR>[Called By]<UL><LI><a href="#[58]">&gt;&gt;</a>&nbsp;&nbsp;&nbsp;svcRtxTimerNew
</UL>

<P><STRONG><a name="[cc]"></a>EvrRtxTimerGetName</STRONG> (Thumb, 20 bytes, Stack size 16 bytes, rtx_evr.o(.text))
<BR><BR>[Stack]<UL><LI>Max Depth = 96<LI>Call Chain = EvrRtxTimerGetName &rArr; EventRecord2 &rArr; EventRecordItem
</UL>
<BR>[Calls]<UL><LI><a href="#[89]">&gt;&gt;</a>&nbsp;&nbsp;&nbsp;EventRecord2
</UL>
<BR>[Called By]<UL><LI><a href="#[1b6]">&gt;&gt;</a>&nbsp;&nbsp;&nbsp;osTimerGetName
<LI><a href="#[59]">&gt;&gt;</a>&nbsp;&nbsp;&nbsp;svcRtxTimerGetName
</UL>

<P><STRONG><a name="[cd]"></a>EvrRtxTimerStart</STRONG> (Thumb, 20 bytes, Stack size 16 bytes, rtx_evr.o(.text), UNUSED)
<BR><BR>[Calls]<UL><LI><a href="#[89]">&gt;&gt;</a>&nbsp;&nbsp;&nbsp;EventRecord2
</UL>
<BR>[Called By]<UL><LI><a href="#[1b7]">&gt;&gt;</a>&nbsp;&nbsp;&nbsp;osTimerStart
</UL>

<P><STRONG><a name="[ce]"></a>EvrRtxTimerStarted</STRONG> (Thumb, 18 bytes, Stack size 8 bytes, rtx_evr.o(.text))
<BR><BR>[Stack]<UL><LI>Max Depth = 88<LI>Call Chain = EvrRtxTimerStarted &rArr; EventRecord2 &rArr; EventRecordItem
</UL>
<BR>[Calls]<UL><LI><a href="#[89]">&gt;&gt;</a>&nbsp;&nbsp;&nbsp;EventRecord2
</UL>
<BR>[Called By]<UL><LI><a href="#[5a]">&gt;&gt;</a>&nbsp;&nbsp;&nbsp;svcRtxTimerStart
</UL>

<P><STRONG><a name="[cf]"></a>EvrRtxTimerStop</STRONG> (Thumb, 18 bytes, Stack size 8 bytes, rtx_evr.o(.text), UNUSED)
<BR><BR>[Calls]<UL><LI><a href="#[89]">&gt;&gt;</a>&nbsp;&nbsp;&nbsp;EventRecord2
</UL>
<BR>[Called By]<UL><LI><a href="#[1b8]">&gt;&gt;</a>&nbsp;&nbsp;&nbsp;osTimerStop
</UL>

<P><STRONG><a name="[d0]"></a>EvrRtxTimerStopped</STRONG> (Thumb, 18 bytes, Stack size 8 bytes, rtx_evr.o(.text))
<BR><BR>[Stack]<UL><LI>Max Depth = 88<LI>Call Chain = EvrRtxTimerStopped &rArr; EventRecord2 &rArr; EventRecordItem
</UL>
<BR>[Calls]<UL><LI><a href="#[89]">&gt;&gt;</a>&nbsp;&nbsp;&nbsp;EventRecord2
</UL>
<BR>[Called By]<UL><LI><a href="#[5b]">&gt;&gt;</a>&nbsp;&nbsp;&nbsp;svcRtxTimerStop
</UL>

<P><STRONG><a name="[d1]"></a>EvrRtxTimerIsRunning</STRONG> (Thumb, 20 bytes, Stack size 16 bytes, rtx_evr.o(.text))
<BR><BR>[Stack]<UL><LI>Max Depth = 96<LI>Call Chain = EvrRtxTimerIsRunning &rArr; EventRecord2 &rArr; EventRecordItem
</UL>
<BR>[Calls]<UL><LI><a href="#[89]">&gt;&gt;</a>&nbsp;&nbsp;&nbsp;EventRecord2
</UL>
<BR>[Called By]<UL><LI><a href="#[1b9]">&gt;&gt;</a>&nbsp;&nbsp;&nbsp;osTimerIsRunning
<LI><a href="#[5c]">&gt;&gt;</a>&nbsp;&nbsp;&nbsp;svcRtxTimerIsRunning
</UL>

<P><STRONG><a name="[d2]"></a>EvrRtxTimerDelete</STRONG> (Thumb, 18 bytes, Stack size 8 bytes, rtx_evr.o(.text), UNUSED)
<BR><BR>[Calls]<UL><LI><a href="#[89]">&gt;&gt;</a>&nbsp;&nbsp;&nbsp;EventRecord2
</UL>
<BR>[Called By]<UL><LI><a href="#[1ba]">&gt;&gt;</a>&nbsp;&nbsp;&nbsp;osTimerDelete
</UL>

<P><STRONG><a name="[d3]"></a>EvrRtxTimerDestroyed</STRONG> (Thumb, 18 bytes, Stack size 8 bytes, rtx_evr.o(.text))
<BR><BR>[Stack]<UL><LI>Max Depth = 88<LI>Call Chain = EvrRtxTimerDestroyed &rArr; EventRecord2 &rArr; EventRecordItem
</UL>
<BR>[Calls]<UL><LI><a href="#[89]">&gt;&gt;</a>&nbsp;&nbsp;&nbsp;EventRecord2
</UL>
<BR>[Called By]<UL><LI><a href="#[5d]">&gt;&gt;</a>&nbsp;&nbsp;&nbsp;svcRtxTimerDelete
</UL>

<P><STRONG><a name="[d4]"></a>EvrRtxEventFlagsError</STRONG> (Thumb, 20 bytes, Stack size 16 bytes, rtx_evr.o(.text), UNUSED)
<BR><BR>[Calls]<UL><LI><a href="#[89]">&gt;&gt;</a>&nbsp;&nbsp;&nbsp;EventRecord2
</UL>

<P><STRONG><a name="[d5]"></a>EvrRtxEventFlagsNew</STRONG> (Thumb, 30 bytes, Stack size 8 bytes, rtx_evr.o(.text), UNUSED)
<BR><BR>[Calls]<UL><LI><a href="#[a2]">&gt;&gt;</a>&nbsp;&nbsp;&nbsp;EventRecordData
<LI><a href="#[89]">&gt;&gt;</a>&nbsp;&nbsp;&nbsp;EventRecord2
</UL>

<P><STRONG><a name="[d6]"></a>EvrRtxEventFlagsCreated</STRONG> (Thumb, 18 bytes, Stack size 16 bytes, rtx_evr.o(.text), UNUSED)
<BR><BR>[Calls]<UL><LI><a href="#[89]">&gt;&gt;</a>&nbsp;&nbsp;&nbsp;EventRecord2
</UL>

<P><STRONG><a name="[d7]"></a>EvrRtxEventFlagsGetName</STRONG> (Thumb, 20 bytes, Stack size 16 bytes, rtx_evr.o(.text), UNUSED)
<BR><BR>[Calls]<UL><LI><a href="#[89]">&gt;&gt;</a>&nbsp;&nbsp;&nbsp;EventRecord2
</UL>

<P><STRONG><a name="[d8]"></a>EvrRtxEventFlagsSet</STRONG> (Thumb, 20 bytes, Stack size 16 bytes, rtx_evr.o(.text), UNUSED)
<BR><BR>[Calls]<UL><LI><a href="#[89]">&gt;&gt;</a>&nbsp;&nbsp;&nbsp;EventRecord2
</UL>

<P><STRONG><a name="[d9]"></a>EvrRtxEventFlagsSetDone</STRONG> (Thumb, 20 bytes, Stack size 16 bytes, rtx_evr.o(.text), UNUSED)
<BR><BR>[Calls]<UL><LI><a href="#[89]">&gt;&gt;</a>&nbsp;&nbsp;&nbsp;EventRecord2
</UL>

<P><STRONG><a name="[da]"></a>EvrRtxEventFlagsClear</STRONG> (Thumb, 20 bytes, Stack size 16 bytes, rtx_evr.o(.text), UNUSED)
<BR><BR>[Calls]<UL><LI><a href="#[89]">&gt;&gt;</a>&nbsp;&nbsp;&nbsp;EventRecord2
</UL>

<P><STRONG><a name="[db]"></a>EvrRtxEventFlagsClearDone</STRONG> (Thumb, 20 bytes, Stack size 16 bytes, rtx_evr.o(.text), UNUSED)
<BR><BR>[Calls]<UL><LI><a href="#[89]">&gt;&gt;</a>&nbsp;&nbsp;&nbsp;EventRecord2
</UL>

<P><STRONG><a name="[dc]"></a>EvrRtxEventFlagsGet</STRONG> (Thumb, 20 bytes, Stack size 16 bytes, rtx_evr.o(.text), UNUSED)
<BR><BR>[Calls]<UL><LI><a href="#[89]">&gt;&gt;</a>&nbsp;&nbsp;&nbsp;EventRecord2
</UL>

<P><STRONG><a name="[dd]"></a>EvrRtxEventFlagsWait</STRONG> (Thumb, 28 bytes, Stack size 24 bytes, rtx_evr.o(.text), UNUSED)
<BR><BR>[Calls]<UL><LI><a href="#[84]">&gt;&gt;</a>&nbsp;&nbsp;&nbsp;EventRecord4
</UL>

<P><STRONG><a name="[de]"></a>EvrRtxEventFlagsWaitPending</STRONG> (Thumb, 28 bytes, Stack size 24 bytes, rtx_evr.o(.text), UNUSED)
<BR><BR>[Calls]<UL><LI><a href="#[84]">&gt;&gt;</a>&nbsp;&nbsp;&nbsp;EventRecord4
</UL>

<P><STRONG><a name="[df]"></a>EvrRtxEventFlagsWaitTimeout</STRONG> (Thumb, 18 bytes, Stack size 8 bytes, rtx_evr.o(.text))
<BR><BR>[Stack]<UL><LI>Max Depth = 88<LI>Call Chain = EvrRtxEventFlagsWaitTimeout &rArr; EventRecord2 &rArr; EventRecordItem
</UL>
<BR>[Calls]<UL><LI><a href="#[89]">&gt;&gt;</a>&nbsp;&nbsp;&nbsp;EventRecord2
</UL>
<BR>[Called By]<UL><LI><a href="#[136]">&gt;&gt;</a>&nbsp;&nbsp;&nbsp;osRtxThreadDelayTick
</UL>

<P><STRONG><a name="[e0]"></a>EvrRtxEventFlagsWaitCompleted</STRONG> (Thumb, 28 bytes, Stack size 24 bytes, rtx_evr.o(.text), UNUSED)
<BR><BR>[Calls]<UL><LI><a href="#[84]">&gt;&gt;</a>&nbsp;&nbsp;&nbsp;EventRecord4
</UL>

<P><STRONG><a name="[e1]"></a>EvrRtxEventFlagsWaitNotCompleted</STRONG> (Thumb, 28 bytes, Stack size 24 bytes, rtx_evr.o(.text), UNUSED)
<BR><BR>[Calls]<UL><LI><a href="#[84]">&gt;&gt;</a>&nbsp;&nbsp;&nbsp;EventRecord4
</UL>

<P><STRONG><a name="[e2]"></a>EvrRtxEventFlagsDelete</STRONG> (Thumb, 18 bytes, Stack size 8 bytes, rtx_evr.o(.text), UNUSED)
<BR><BR>[Calls]<UL><LI><a href="#[89]">&gt;&gt;</a>&nbsp;&nbsp;&nbsp;EventRecord2
</UL>

<P><STRONG><a name="[e3]"></a>EvrRtxEventFlagsDestroyed</STRONG> (Thumb, 18 bytes, Stack size 8 bytes, rtx_evr.o(.text), UNUSED)
<BR><BR>[Calls]<UL><LI><a href="#[89]">&gt;&gt;</a>&nbsp;&nbsp;&nbsp;EventRecord2
</UL>

<P><STRONG><a name="[e4]"></a>EvrRtxMutexError</STRONG> (Thumb, 20 bytes, Stack size 16 bytes, rtx_evr.o(.text))
<BR><BR>[Stack]<UL><LI>Max Depth = 96<LI>Call Chain = EvrRtxMutexError &rArr; EventRecord2 &rArr; EventRecordItem
</UL>
<BR>[Calls]<UL><LI><a href="#[89]">&gt;&gt;</a>&nbsp;&nbsp;&nbsp;EventRecord2
</UL>
<BR>[Called By]<UL><LI><a href="#[179]">&gt;&gt;</a>&nbsp;&nbsp;&nbsp;osMutexNew
<LI><a href="#[3e]">&gt;&gt;</a>&nbsp;&nbsp;&nbsp;svcRtxMutexDelete
<LI><a href="#[3c]">&gt;&gt;</a>&nbsp;&nbsp;&nbsp;svcRtxMutexRelease
<LI><a href="#[3b]">&gt;&gt;</a>&nbsp;&nbsp;&nbsp;svcRtxMutexAcquire
<LI><a href="#[39]">&gt;&gt;</a>&nbsp;&nbsp;&nbsp;svcRtxMutexNew
<LI><a href="#[180]">&gt;&gt;</a>&nbsp;&nbsp;&nbsp;osMutexDelete
<LI><a href="#[17e]">&gt;&gt;</a>&nbsp;&nbsp;&nbsp;osMutexRelease
<LI><a href="#[17d]">&gt;&gt;</a>&nbsp;&nbsp;&nbsp;osMutexAcquire
</UL>

<P><STRONG><a name="[e5]"></a>EvrRtxMutexNew</STRONG> (Thumb, 56 bytes, Stack size 8 bytes, rtx_evr.o(.text), UNUSED)
<BR><BR>[Calls]<UL><LI><a href="#[a2]">&gt;&gt;</a>&nbsp;&nbsp;&nbsp;EventRecordData
<LI><a href="#[89]">&gt;&gt;</a>&nbsp;&nbsp;&nbsp;EventRecord2
</UL>
<BR>[Called By]<UL><LI><a href="#[179]">&gt;&gt;</a>&nbsp;&nbsp;&nbsp;osMutexNew
</UL>

<P><STRONG><a name="[e6]"></a>EvrRtxMutexCreated</STRONG> (Thumb, 18 bytes, Stack size 16 bytes, rtx_evr.o(.text))
<BR><BR>[Stack]<UL><LI>Max Depth = 96<LI>Call Chain = EvrRtxMutexCreated &rArr; EventRecord2 &rArr; EventRecordItem
</UL>
<BR>[Calls]<UL><LI><a href="#[89]">&gt;&gt;</a>&nbsp;&nbsp;&nbsp;EventRecord2
</UL>
<BR>[Called By]<UL><LI><a href="#[39]">&gt;&gt;</a>&nbsp;&nbsp;&nbsp;svcRtxMutexNew
</UL>

<P><STRONG><a name="[e7]"></a>EvrRtxMutexGetName</STRONG> (Thumb, 18 bytes, Stack size 16 bytes, rtx_evr.o(.text))
<BR><BR>[Stack]<UL><LI>Max Depth = 96<LI>Call Chain = EvrRtxMutexGetName &rArr; EventRecord2 &rArr; EventRecordItem
</UL>
<BR>[Calls]<UL><LI><a href="#[89]">&gt;&gt;</a>&nbsp;&nbsp;&nbsp;EventRecord2
</UL>
<BR>[Called By]<UL><LI><a href="#[3a]">&gt;&gt;</a>&nbsp;&nbsp;&nbsp;svcRtxMutexGetName
<LI><a href="#[17c]">&gt;&gt;</a>&nbsp;&nbsp;&nbsp;osMutexGetName
</UL>

<P><STRONG><a name="[e8]"></a>EvrRtxMutexAcquire</STRONG> (Thumb, 20 bytes, Stack size 16 bytes, rtx_evr.o(.text), UNUSED)
<BR><BR>[Calls]<UL><LI><a href="#[89]">&gt;&gt;</a>&nbsp;&nbsp;&nbsp;EventRecord2
</UL>
<BR>[Called By]<UL><LI><a href="#[17d]">&gt;&gt;</a>&nbsp;&nbsp;&nbsp;osMutexAcquire
</UL>

<P><STRONG><a name="[e9]"></a>EvrRtxMutexAcquirePending</STRONG> (Thumb, 20 bytes, Stack size 16 bytes, rtx_evr.o(.text))
<BR><BR>[Stack]<UL><LI>Max Depth = 96<LI>Call Chain = EvrRtxMutexAcquirePending &rArr; EventRecord2 &rArr; EventRecordItem
</UL>
<BR>[Calls]<UL><LI><a href="#[89]">&gt;&gt;</a>&nbsp;&nbsp;&nbsp;EventRecord2
</UL>
<BR>[Called By]<UL><LI><a href="#[3b]">&gt;&gt;</a>&nbsp;&nbsp;&nbsp;svcRtxMutexAcquire
</UL>

<P><STRONG><a name="[ea]"></a>EvrRtxMutexAcquireTimeout</STRONG> (Thumb, 18 bytes, Stack size 8 bytes, rtx_evr.o(.text))
<BR><BR>[Stack]<UL><LI>Max Depth = 88<LI>Call Chain = EvrRtxMutexAcquireTimeout &rArr; EventRecord2 &rArr; EventRecordItem
</UL>
<BR>[Calls]<UL><LI><a href="#[89]">&gt;&gt;</a>&nbsp;&nbsp;&nbsp;EventRecord2
</UL>
<BR>[Called By]<UL><LI><a href="#[3b]">&gt;&gt;</a>&nbsp;&nbsp;&nbsp;svcRtxMutexAcquire
<LI><a href="#[136]">&gt;&gt;</a>&nbsp;&nbsp;&nbsp;osRtxThreadDelayTick
</UL>

<P><STRONG><a name="[eb]"></a>EvrRtxMutexAcquired</STRONG> (Thumb, 20 bytes, Stack size 16 bytes, rtx_evr.o(.text))
<BR><BR>[Stack]<UL><LI>Max Depth = 96<LI>Call Chain = EvrRtxMutexAcquired &rArr; EventRecord2 &rArr; EventRecordItem
</UL>
<BR>[Calls]<UL><LI><a href="#[89]">&gt;&gt;</a>&nbsp;&nbsp;&nbsp;EventRecord2
</UL>
<BR>[Called By]<UL><LI><a href="#[177]">&gt;&gt;</a>&nbsp;&nbsp;&nbsp;osRtxMutexOwnerRelease
<LI><a href="#[3c]">&gt;&gt;</a>&nbsp;&nbsp;&nbsp;svcRtxMutexRelease
<LI><a href="#[3b]">&gt;&gt;</a>&nbsp;&nbsp;&nbsp;svcRtxMutexAcquire
</UL>

<P><STRONG><a name="[ec]"></a>EvrRtxMutexNotAcquired</STRONG> (Thumb, 18 bytes, Stack size 8 bytes, rtx_evr.o(.text))
<BR><BR>[Stack]<UL><LI>Max Depth = 88<LI>Call Chain = EvrRtxMutexNotAcquired &rArr; EventRecord2 &rArr; EventRecordItem
</UL>
<BR>[Calls]<UL><LI><a href="#[89]">&gt;&gt;</a>&nbsp;&nbsp;&nbsp;EventRecord2
</UL>
<BR>[Called By]<UL><LI><a href="#[3b]">&gt;&gt;</a>&nbsp;&nbsp;&nbsp;svcRtxMutexAcquire
</UL>

[...]
</UL>
<P><STRONG><a name="[4f]"></a>svcRtxThreadJoin</STRONG> (Thumb, 154 bytes, Stack size 16 bytes, rtx_thread.o(.text))
<BR><BR>[Stack]<UL><LI>Max Depth = 168<LI>Call Chain = svcRtxThreadJoin &rArr; osRtxThreadFree &rArr; osRtxMemoryFree &rArr; EvrRtxMemoryFree &rArr; EventRecord4 &rArr; EventRecordItem
</UL>
<BR>[Calls]<UL><LI><a href="#[b4]">&gt;&gt;</a>&nbsp;&nbsp;&nbsp;EvrRtxThreadJoined
<LI><a href="#[b3]">&gt;&gt;</a>&nbsp;&nbsp;&nbsp;EvrRtxThreadJoinPending
<LI><a href="#[7b]">&gt;&gt;</a>&nbsp;&nbsp;&nbsp;osRtxThreadWaitEnter
<LI><a href="#[7d]">&gt;&gt;</a>&nbsp;&nbsp;&nbsp;EvrRtxThreadError
<LI><a href="#[194]">&gt;&gt;</a>&nbsp;&nbsp;&nbsp;osRtxThreadGetRunning
<LI><a href="#[198]">&gt;&gt;</a>&nbsp;&nbsp;&nbsp;osRtxThreadFree
<LI><a href="#[19b]">&gt;&gt;</a>&nbsp;&nbsp;&nbsp;osRtxThreadListUnlink
</UL>
<BR>[Address Reference Count : 1]<UL><LI> rtx_thread.o(.text)
</UL>
<P><STRONG><a name="[50]"></a>svcRtxThreadTerminate</STRONG> (Thumb, 272 bytes, Stack size 24 bytes, rtx_thread.o(.text))
<BR><BR>[Stack]<UL><LI>Max Depth = 208<LI>Call Chain = svcRtxThreadTerminate &rArr; osRtxMutexOwnerRelease &rArr; osRtxThreadWaitExit &rArr; osRtxThreadDispatch &rArr; osRtxThreadBlock &rArr; EvrRtxThreadPreempted &rArr; EventRecord2 &rArr; EventRecordItem
</UL>
<BR>[Calls]<UL><LI><a href="#[177]">&gt;&gt;</a>&nbsp;&nbsp;&nbsp;osRtxMutexOwnerRelease
<LI><a href="#[135]">&gt;&gt;</a>&nbsp;&nbsp;&nbsp;osRtxThreadSwitch
<LI><a href="#[bb]">&gt;&gt;</a>&nbsp;&nbsp;&nbsp;EvrRtxThreadDestroyed
<LI><a href="#[b4]">&gt;&gt;</a>&nbsp;&nbsp;&nbsp;EvrRtxThreadJoined
<LI><a href="#[152]">&gt;&gt;</a>&nbsp;&nbsp;&nbsp;osRtxThreadWaitExit
<LI><a href="#[187]">&gt;&gt;</a>&nbsp;&nbsp;&nbsp;osRtxThreadListRemove
<LI><a href="#[134]">&gt;&gt;</a>&nbsp;&nbsp;&nbsp;osRtxThreadListGet
<LI><a href="#[137]">&gt;&gt;</a>&nbsp;&nbsp;&nbsp;osRtxThreadDispatch
<LI><a href="#[7d]">&gt;&gt;</a>&nbsp;&nbsp;&nbsp;EvrRtxThreadError
<LI><a href="#[199]">&gt;&gt;</a>&nbsp;&nbsp;&nbsp;osRtxThreadSetRunning
<LI><a href="#[195]">&gt;&gt;</a>&nbsp;&nbsp;&nbsp;osRtxKernelGetState
<LI><a href="#[198]">&gt;&gt;</a>&nbsp;&nbsp;&nbsp;osRtxThreadFree
<LI><a href="#[196]">&gt;&gt;</a>&nbsp;&nbsp;&nbsp;osRtxThreadDelayRemove
</UL>
<BR>[Address Reference Count : 1]<UL><LI> rtx_thread.o(.text)
</UL>
<P><STRONG><a name="[51]"></a>svcRtxThreadGetCount</STRONG> (Thumb, 56 bytes, Stack size 16 bytes, rtx_thread.o(.text))
<BR><BR>[Stack]<UL><LI>Max Depth = 104<LI>Call Chain = svcRtxThreadGetCount &rArr; EvrRtxThreadGetCount &rArr; EventRecord2 &rArr; EventRecordItem
</UL>
<BR>[Calls]<UL><LI><a href="#[bc]">&gt;&gt;</a>&nbsp;&nbsp;&nbsp;EvrRtxThreadGetCount
</UL>
<BR>[Address Reference Count : 1]<UL><LI> rtx_thread.o(.text)
</UL>
<P><STRONG><a name="[52]"></a>svcRtxThreadEnumerate</STRONG> (Thumb, 118 bytes, Stack size 24 bytes, rtx_thread.o(.text))
<BR><BR>[Stack]<UL><LI>Max Depth = 144<LI>Call Chain = svcRtxThreadEnumerate &rArr; EvrRtxThreadEnumerate &rArr; EventRecord4 &rArr; EventRecordItem
</UL>
<BR>[Calls]<UL><LI><a href="#[bd]">&gt;&gt;</a>&nbsp;&nbsp;&nbsp;EvrRtxThreadEnumerate
<LI><a href="#[194]">&gt;&gt;</a>&nbsp;&nbsp;&nbsp;osRtxThreadGetRunning
</UL>
<BR>[Address Reference Count : 1]<UL><LI> rtx_thread.o(.text)
</UL>
<P><STRONG><a name="[53]"></a>svcRtxThreadFlagsSet</STRONG> (Thumb, 152 bytes, Stack size 24 bytes, rtx_thread.o(.text))
<BR><BR>[Stack]<UL><LI>Max Depth = 184<LI>Call Chain = svcRtxThreadFlagsSet &rArr; osRtxThreadWaitExit &rArr; osRtxThreadDispatch &rArr; osRtxThreadBlock &rArr; EvrRtxThreadPreempted &rArr; EventRecord2 &rArr; EventRecordItem
</UL>
<BR>[Calls]<UL><LI><a href="#[c6]">&gt;&gt;</a>&nbsp;&nbsp;&nbsp;EvrRtxThreadFlagsWaitCompleted
<LI><a href="#[bf]">&gt;&gt;</a>&nbsp;&nbsp;&nbsp;EvrRtxThreadFlagsSetDone
<LI><a href="#[152]">&gt;&gt;</a>&nbsp;&nbsp;&nbsp;osRtxThreadWaitExit
<LI><a href="#[7d]">&gt;&gt;</a>&nbsp;&nbsp;&nbsp;EvrRtxThreadError
<LI><a href="#[18e]">&gt;&gt;</a>&nbsp;&nbsp;&nbsp;ThreadFlagsCheck
<LI><a href="#[18a]">&gt;&gt;</a>&nbsp;&nbsp;&nbsp;ThreadFlagsSet
</UL>
<BR>[Address Reference Count : 1]<UL><LI> rtx_thread.o(.text)
</UL>
<P><STRONG><a name="[54]"></a>svcRtxThreadFlagsClear</STRONG> (Thumb, 70 bytes, Stack size 16 bytes, rtx_thread.o(.text))
<BR><BR>[Stack]<UL><LI>Max Depth = 112<LI>Call Chain = svcRtxThreadFlagsClear &rArr; EvrRtxThreadError &rArr; EventRecord2 &rArr; EventRecordItem
</UL>
<BR>[Calls]<UL><LI><a href="#[c1]">&gt;&gt;</a>&nbsp;&nbsp;&nbsp;EvrRtxThreadFlagsClearDone
<LI><a href="#[7d]">&gt;&gt;</a>&nbsp;&nbsp;&nbsp;EvrRtxThreadError
<LI><a href="#[194]">&gt;&gt;</a>&nbsp;&nbsp;&nbsp;osRtxThreadGetRunning
<LI><a href="#[18c]">&gt;&gt;</a>&nbsp;&nbsp;&nbsp;ThreadFlagsClear
</UL>
<BR>[Address Reference Count : 1]<UL><LI> rtx_thread.o(.text)
</UL>
<P><STRONG><a name="[55]"></a>svcRtxThreadFlagsGet</STRONG> (Thumb, 30 bytes, Stack size 8 bytes, rtx_thread.o(.text))
<BR><BR>[Stack]<UL><LI>Max Depth = 96<LI>Call Chain = svcRtxThreadFlagsGet &rArr; EvrRtxThreadFlagsGet &rArr; EventRecord2 &rArr; EventRecordItem
</UL>
<BR>[Calls]<UL><LI><a href="#[c2]">&gt;&gt;</a>&nbsp;&nbsp;&nbsp;EvrRtxThreadFlagsGet
<LI><a href="#[194]">&gt;&gt;</a>&nbsp;&nbsp;&nbsp;osRtxThreadGetRunning
</UL>
<BR>[Address Reference Count : 1]<UL><LI> rtx_thread.o(.text)
</UL>
<P><STRONG><a name="[56]"></a>svcRtxThreadFlagsWait</STRONG> (Thumb, 142 bytes, Stack size 24 bytes, rtx_thread.o(.text))
<BR><BR>[Stack]<UL><LI>Max Depth = 144<LI>Call Chain = svcRtxThreadFlagsWait &rArr; EvrRtxThreadFlagsWaitCompleted &rArr; EventRecord4 &rArr; EventRecordItem
</UL>
<BR>[Calls]<UL><LI><a href="#[c7]">&gt;&gt;</a>&nbsp;&nbsp;&nbsp;EvrRtxThreadFlagsWaitNotCompleted
<LI><a href="#[c6]">&gt;&gt;</a>&nbsp;&nbsp;&nbsp;EvrRtxThreadFlagsWaitCompleted
<LI><a href="#[c5]">&gt;&gt;</a>&nbsp;&nbsp;&nbsp;EvrRtxThreadFlagsWaitTimeout
<LI><a href="#[c4]">&gt;&gt;</a>&nbsp;&nbsp;&nbsp;EvrRtxThreadFlagsWaitPending
<LI><a href="#[7b]">&gt;&gt;</a>&nbsp;&nbsp;&nbsp;osRtxThreadWaitEnter
<LI><a href="#[7d]">&gt;&gt;</a>&nbsp;&nbsp;&nbsp;EvrRtxThreadError
<LI><a href="#[194]">&gt;&gt;</a>&nbsp;&nbsp;&nbsp;osRtxThreadGetRunning
<LI><a href="#[18e]">&gt;&gt;</a>&nbsp;&nbsp;&nbsp;ThreadFlagsCheck
</UL>
<BR>[Address Reference Count : 1]<UL><LI> rtx_thread.o(.text)
</UL>
<P><STRONG><a name="[19c]"></a>IsIrqMode</STRONG> (Thumb, 16 bytes, Stack size 0 bytes, rtx_thread.o(.text))
<BR><BR>[Called By]<UL><LI><a href="#[74]">&gt;&gt;</a>&nbsp;&nbsp;&nbsp;osThreadNew
<LI><a href="#[6e]">&gt;&gt;</a>&nbsp;&nbsp;&nbsp;osThreadFlagsWait
<LI><a href="#[6b]">&gt;&gt;</a>&nbsp;&nbsp;&nbsp;osThreadFlagsSet
<LI><a href="#[1af]">&gt;&gt;</a>&nbsp;&nbsp;&nbsp;osThreadFlagsGet
<LI><a href="#[1ae]">&gt;&gt;</a>&nbsp;&nbsp;&nbsp;osThreadFlagsClear
<LI><a href="#[1ac]">&gt;&gt;</a>&nbsp;&nbsp;&nbsp;osThreadEnumerate
<LI><a href="#[1ab]">&gt;&gt;</a>&nbsp;&nbsp;&nbsp;osThreadGetCount
<LI><a href="#[1aa]">&gt;&gt;</a>&nbsp;&nbsp;&nbsp;osThreadTerminate
<LI><a href="#[1a9]">&gt;&gt;</a>&nbsp;&nbsp;&nbsp;osThreadJoin
<LI><a href="#[1a8]">&gt;&gt;</a>&nbsp;&nbsp;&nbsp;osThreadDetach
<LI><a href="#[1a7]">&gt;&gt;</a>&nbsp;&nbsp;&nbsp;osThreadResume
<LI><a href="#[1a6]">&gt;&gt;</a>&nbsp;&nbsp;&nbsp;osThreadSuspend
<LI><a href="#[1a5]">&gt;&gt;</a>&nbsp;&nbsp;&nbsp;osThreadYield
<LI><a href="#[1a4]">&gt;&gt;</a>&nbsp;&nbsp;&nbsp;osThreadGetPriority
<LI><a href="#[1a3]">&gt;&gt;</a>&nbsp;&nbsp;&nbsp;osThreadSetPriority
<LI><a href="#[1a2]">&gt;&gt;</a>&nbsp;&nbsp;&nbsp;osThreadGetStackSpace
<LI><a href="#[1a1]">&gt;&gt;</a>&nbsp;&nbsp;&nbsp;osThreadGetStackSize
<LI><a href="#[1a0]">&gt;&gt;</a>&nbsp;&nbsp;&nbsp;osThreadGetState
<LI><a href="#[19f]">&gt;&gt;</a>&nbsp;&nbsp;&nbsp;osThreadGetId
<LI><a href="#[19e]">&gt;&gt;</a>&nbsp;&nbsp;&nbsp;osThreadGetName
</UL>

<P><STRONG><a name="[195]"></a>osRtxKernelGetState</STRONG> (Thumb, 6 bytes, Stack size 0 bytes, rtx_thread.o(.text))
<BR><BR>[Called By]<UL><LI><a href="#[137]">&gt;&gt;</a>&nbsp;&nbsp;&nbsp;osRtxThreadDispatch
<LI><a href="#[7b]">&gt;&gt;</a>&nbsp;&nbsp;&nbsp;osRtxThreadWaitEnter
<LI><a href="#[50]">&gt;&gt;</a>&nbsp;&nbsp;&nbsp;svcRtxThreadTerminate
<LI><a href="#[4c]">&gt;&gt;</a>&nbsp;&nbsp;&nbsp;svcRtxThreadSuspend
<LI><a href="#[4b]">&gt;&gt;</a>&nbsp;&nbsp;&nbsp;svcRtxThreadYield
<LI><a href="#[3f]">&gt;&gt;</a>&nbsp;&nbsp;&nbsp;svcRtxThreadExit
</UL>

<P><STRONG><a name="[194]"></a>osRtxThreadGetRunning</STRONG> (Thumb, 6 bytes, Stack size 0 bytes, rtx_thread.o(.text))
<BR><BR>[Called By]<UL><LI><a href="#[137]">&gt;&gt;</a>&nbsp;&nbsp;&nbsp;osRtxThreadDispatch
<LI><a href="#[7b]">&gt;&gt;</a>&nbsp;&nbsp;&nbsp;osRtxThreadWaitEnter
<LI><a href="#[193]">&gt;&gt;</a>&nbsp;&nbsp;&nbsp;osRtxThreadStackCheck
<LI><a href="#[56]">&gt;&gt;</a>&nbsp;&nbsp;&nbsp;svcRtxThreadFlagsWait
<LI><a href="#[55]">&gt;&gt;</a>&nbsp;&nbsp;&nbsp;svcRtxThreadFlagsGet
<LI><a href="#[54]">&gt;&gt;</a>&nbsp;&nbsp;&nbsp;svcRtxThreadFlagsClear
<LI><a href="#[52]">&gt;&gt;</a>&nbsp;&nbsp;&nbsp;svcRtxThreadEnumerate
<LI><a href="#[4f]">&gt;&gt;</a>&nbsp;&nbsp;&nbsp;svcRtxThreadJoin
<LI><a href="#[4b]">&gt;&gt;</a>&nbsp;&nbsp;&nbsp;svcRtxThreadYield
<LI><a href="#[45]">&gt;&gt;</a>&nbsp;&nbsp;&nbsp;svcRtxThreadGetId
<LI><a href="#[3f]">&gt;&gt;</a>&nbsp;&nbsp;&nbsp;svcRtxThreadExit
</UL>

<P><STRONG><a name="[199]"></a>osRtxThreadSetRunning</STRONG> (Thumb, 6 bytes, Stack size 0 bytes, rtx_thread.o(.text))
<BR><BR>[Called By]<UL><LI><a href="#[50]">&gt;&gt;</a>&nbsp;&nbsp;&nbsp;svcRtxThreadTerminate
<LI><a href="#[3f]">&gt;&gt;</a>&nbsp;&nbsp;&nbsp;svcRtxThreadExit
</UL>

<P><STRONG><a name="[1ad]"></a>isrRtxThreadFlagsSet</STRONG> (Thumb, 100 bytes, Stack size 24 bytes, rtx_thread.o(.text))
<BR><BR>[Stack]<UL><LI>Max Depth = 120<LI>Call Chain = isrRtxThreadFlagsSet &rArr; EvrRtxThreadFlagsSetDone &rArr; EventRecord2 &rArr; EventRecordItem
</UL>
<BR>[Calls]<UL><LI><a href="#[bf]">&gt;&gt;</a>&nbsp;&nbsp;&nbsp;EvrRtxThreadFlagsSetDone
<LI><a href="#[161]">&gt;&gt;</a>&nbsp;&nbsp;&nbsp;osRtxPostProcess
<LI><a href="#[7d]">&gt;&gt;</a>&nbsp;&nbsp;&nbsp;EvrRtxThreadError
<LI><a href="#[18a]">&gt;&gt;</a>&nbsp;&nbsp;&nbsp;ThreadFlagsSet
</UL>
<BR>[Called By]<UL><LI><a href="#[6b]">&gt;&gt;</a>&nbsp;&nbsp;&nbsp;osThreadFlagsSet
</UL>

<P><STRONG><a name="[1b5]"></a>IsIrqMasked</STRONG> (Thumb, 24 bytes, Stack size 0 bytes, rtx_timer.o(.text), UNUSED)
<BR><BR>[Called By]<UL><LI><a href="#[1ba]">&gt;&gt;</a>&nbsp;&nbsp;&nbsp;osTimerDelete
<LI><a href="#[1b9]">&gt;&gt;</a>&nbsp;&nbsp;&nbsp;osTimerIsRunning
<LI><a href="#[1b8]">&gt;&gt;</a>&nbsp;&nbsp;&nbsp;osTimerStop
<LI><a href="#[1b7]">&gt;&gt;</a>&nbsp;&nbsp;&nbsp;osTimerStart
<LI><a href="#[1b6]">&gt;&gt;</a>&nbsp;&nbsp;&nbsp;osTimerGetName
<LI><a href="#[1b3]">&gt;&gt;</a>&nbsp;&nbsp;&nbsp;osTimerNew
</UL>

<P><STRONG><a name="[1b1]"></a>TimerInsert</STRONG> (Thumb, 58 bytes, Stack size 12 bytes, rtx_timer.o(.text))
<BR><BR>[Stack]<UL><LI>Max Depth = 12<LI>Call Chain = TimerInsert
</UL>
<BR>[Called By]<UL><LI><a href="#[5a]">&gt;&gt;</a>&nbsp;&nbsp;&nbsp;svcRtxTimerStart
<LI><a href="#[57]">&gt;&gt;</a>&nbsp;&nbsp;&nbsp;osRtxTimerTick
</UL>

<P><STRONG><a name="[1b2]"></a>TimerRemove</STRONG> (Thumb, 42 bytes, Stack size 0 bytes, rtx_timer.o(.text))
<BR><BR>[Called By]<UL><LI><a href="#[5d]">&gt;&gt;</a>&nbsp;&nbsp;&nbsp;svcRtxTimerDelete
<LI><a href="#[5b]">&gt;&gt;</a>&nbsp;&nbsp;&nbsp;svcRtxTimerStop
<LI><a href="#[5a]">&gt;&gt;</a>&nbsp;&nbsp;&nbsp;svcRtxTimerStart
</UL>

<P><STRONG><a name="[1b0]"></a>TimerUnlink</STRONG> (Thumb, 18 bytes, Stack size 0 bytes, rtx_timer.o(.text))
<BR><BR>[Called By]<UL><LI><a href="#[57]">&gt;&gt;</a>&nbsp;&nbsp;&nbsp;osRtxTimerTick
</UL>

<P><STRONG><a name="[57]"></a>osRtxTimerTick</STRONG> (Thumb, 88 bytes, Stack size 16 bytes, rtx_timer.o(.text))
<BR><BR>[Stack]<UL><LI>Max Depth = 192<LI>Call Chain = osRtxTimerTick &rArr; osMessageQueuePut &rArr; isrRtxMessageQueuePut &rArr; osRtxMemoryPoolAlloc &rArr; EvrRtxMemoryBlockAlloc &rArr; EventRecord2 &rArr; EventRecordItem
</UL>
<BR>[Calls]<UL><LI><a href="#[16d]">&gt;&gt;</a>&nbsp;&nbsp;&nbsp;osMessageQueuePut
<LI><a href="#[1b0]">&gt;&gt;</a>&nbsp;&nbsp;&nbsp;TimerUnlink
<LI><a href="#[1b1]">&gt;&gt;</a>&nbsp;&nbsp;&nbsp;TimerInsert
<LI><a href="#[189]">&gt;&gt;</a>&nbsp;&nbsp;&nbsp;osRtxErrorNotify
</UL>
<BR>[Address Reference Count : 1]<UL><LI> rtx_timer.o(.text)
</UL>
<P><STRONG><a name="[58]"></a>svcRtxTimerNew</STRONG> (Thumb, 206 bytes, Stack size 32 bytes, rtx_timer.o(.text))
<BR><BR>[Stack]<UL><LI>Max Depth = 192<LI>Call Chain = svcRtxTimerNew &rArr; osRtxMemoryAlloc &rArr; EvrRtxMemoryAlloc &rArr; EventRecord4 &rArr; EventRecordItem
</UL>
<BR>[Calls]<UL><LI><a href="#[cb]">&gt;&gt;</a>&nbsp;&nbsp;&nbsp;EvrRtxTimerCreated
<LI><a href="#[c8]">&gt;&gt;</a>&nbsp;&nbsp;&nbsp;EvrRtxTimerError
<LI><a href="#[14d]">&gt;&gt;</a>&nbsp;&nbsp;&nbsp;osRtxMemoryPoolAlloc
<LI><a href="#[14b]">&gt;&gt;</a>&nbsp;&nbsp;&nbsp;osRtxMemoryAlloc
</UL>
<BR>[Address Reference Count : 1]<UL><LI> rtx_timer.o(.text)
</UL>
<P><STRONG><a name="[59]"></a>svcRtxTimerGetName</STRONG> (Thumb, 42 bytes, Stack size 16 bytes, rtx_timer.o(.text))
<BR><BR>[Stack]<UL><LI>Max Depth = 112<LI>Call Chain = svcRtxTimerGetName &rArr; EvrRtxTimerGetName &rArr; EventRecord2 &rArr; EventRecordItem
</UL>
<BR>[Calls]<UL><LI><a href="#[cc]">&gt;&gt;</a>&nbsp;&nbsp;&nbsp;EvrRtxTimerGetName
</UL>
<BR>[Address Reference Count : 1]<UL><LI> rtx_timer.o(.text)
</UL>
<P><STRONG><a name="[5a]"></a>svcRtxTimerStart</STRONG> (Thumb, 98 bytes, Stack size 16 bytes, rtx_timer.o(.text))
<BR><BR>[Stack]<UL><LI>Max Depth = 112<LI>Call Chain = svcRtxTimerStart &rArr; EvrRtxTimerError &rArr; EventRecord2 &rArr; EventRecordItem
</UL>
<BR>[Calls]<UL><LI><a href="#[ce]">&gt;&gt;</a>&nbsp;&nbsp;&nbsp;EvrRtxTimerStarted
<LI><a href="#[c8]">&gt;&gt;</a>&nbsp;&nbsp;&nbsp;EvrRtxTimerError
<LI><a href="#[1b2]">&gt;&gt;</a>&nbsp;&nbsp;&nbsp;TimerRemove
<LI><a href="#[1b1]">&gt;&gt;</a>&nbsp;&nbsp;&nbsp;TimerInsert
</UL>
<BR>[Address Reference Count : 1]<UL><LI> rtx_timer.o(.text)
</UL>
<P><STRONG><a name="[5b]"></a>svcRtxTimerStop</STRONG> (Thumb, 76 bytes, Stack size 16 bytes, rtx_timer.o(.text))
<BR><BR>[Stack]<UL><LI>Max Depth = 112<LI>Call Chain = svcRtxTimerStop &rArr; EvrRtxTimerError &rArr; EventRecord2 &rArr; EventRecordItem
</UL>
<BR>[Calls]<UL><LI><a href="#[d0]">&gt;&gt;</a>&nbsp;&nbsp;&nbsp;EvrRtxTimerStopped
<LI><a href="#[c8]">&gt;&gt;</a>&nbsp;&nbsp;&nbsp;EvrRtxTimerError
<LI><a href="#[1b2]">&gt;&gt;</a>&nbsp;&nbsp;&nbsp;TimerRemove
</UL>
<BR>[Address Reference Count : 1]<UL><LI> rtx_timer.o(.text)
</UL>
<P><STRONG><a name="[5c]"></a>svcRtxTimerIsRunning</STRONG> (Thumb, 62 bytes, Stack size 16 bytes, rtx_timer.o(.text))
<BR><BR>[Stack]<UL><LI>Max Depth = 112<LI>Call Chain = svcRtxTimerIsRunning &rArr; EvrRtxTimerIsRunning &rArr; EventRecord2 &rArr; EventRecordItem
</UL>
<BR>[Calls]<UL><LI><a href="#[d1]">&gt;&gt;</a>&nbsp;&nbsp;&nbsp;EvrRtxTimerIsRunning
</UL>
<BR>[Address Reference Count : 1]<UL><LI> rtx_timer.o(.text)
</UL>
<P><STRONG><a name="[5d]"></a>svcRtxTimerDelete</STRONG> (Thumb, 104 bytes, Stack size 16 bytes, rtx_timer.o(.text))
<BR><BR>[Stack]<UL><LI>Max Depth = 160<LI>Call Chain = svcRtxTimerDelete &rArr; osRtxMemoryFree &rArr; EvrRtxMemoryFree &rArr; EventRecord4 &rArr; EventRecordItem
</UL>
<BR>[Calls]<UL><LI><a href="#[d3]">&gt;&gt;</a>&nbsp;&nbsp;&nbsp;EvrRtxTimerDestroyed
<LI><a href="#[c8]">&gt;&gt;</a>&nbsp;&nbsp;&nbsp;EvrRtxTimerError
<LI><a href="#[150]">&gt;&gt;</a>&nbsp;&nbsp;&nbsp;osRtxMemoryPoolFree
<LI><a href="#[14c]">&gt;&gt;</a>&nbsp;&nbsp;&nbsp;osRtxMemoryFree
<LI><a href="#[1b2]">&gt;&gt;</a>&nbsp;&nbsp;&nbsp;TimerRemove
</UL>
<BR>[Address Reference Count : 1]<UL><LI> rtx_timer.o(.text)
</UL>
<P><STRONG><a name="[1b4]"></a>IsIrqMode</STRONG> (Thumb, 16 bytes, Stack size 0 bytes, rtx_timer.o(.text), UNUSED)
<BR><BR>[Called By]<UL><LI><a href="#[1ba]">&gt;&gt;</a>&nbsp;&nbsp;&nbsp;osTimerDelete
<LI><a href="#[1b9]">&gt;&gt;</a>&nbsp;&nbsp;&nbsp;osTimerIsRunning
<LI><a href="#[1b8]">&gt;&gt;</a>&nbsp;&nbsp;&nbsp;osTimerStop
<LI><a href="#[1b7]">&gt;&gt;</a>&nbsp;&nbsp;&nbsp;osTimerStart
<LI><a href="#[1b6]">&gt;&gt;</a>&nbsp;&nbsp;&nbsp;osTimerGetName
<LI><a href="#[1b3]">&gt;&gt;</a>&nbsp;&nbsp;&nbsp;osTimerNew
</UL>

<P><STRONG><a name="[1bb]"></a>stdout_putchar</STRONG> (Thumb, 12 bytes, Stack size 4 bytes, retarget_io.o(.text))
<BR><BR>[Stack]<UL><LI>Max Depth = 4<LI>Call Chain = stdout_putchar
</UL>
<BR>[Calls]<UL><LI><a href="#[1bc]">&gt;&gt;</a>&nbsp;&nbsp;&nbsp;ITM_SendChar
</UL>
<BR>[Called By]<UL><LI><a href="#[60]">&gt;&gt;</a>&nbsp;&nbsp;&nbsp;fputc
</UL>

<P><STRONG><a name="[1c0]"></a>EventRecordItem</STRONG> (Thumb, 206 bytes, Stack size 56 bytes, eventrecorder.o(.text))
<BR><BR>[Stack]<UL><LI>Max Depth = 56<LI>Call Chain = EventRecordItem
</UL>
<BR>[Calls]<UL><LI><a href="#[1c3]">&gt;&gt;</a>&nbsp;&nbsp;&nbsp;__asm___15_EventRecorder_c_e8d3082c__UnlockRecord
<LI><a href="#[1c2]">&gt;&gt;</a>&nbsp;&nbsp;&nbsp;__asm___15_EventRecorder_c_e8d3082c__LockRecord
<LI><a href="#[1c1]">&gt;&gt;</a>&nbsp;&nbsp;&nbsp;__asm___15_EventRecorder_c_e8d3082c__atomic_inc32
</UL>
<BR>[Called By]<UL><LI><a href="#[a2]">&gt;&gt;</a>&nbsp;&nbsp;&nbsp;EventRecordData
<LI><a href="#[84]">&gt;&gt;</a>&nbsp;&nbsp;&nbsp;EventRecord4
<LI><a href="#[89]">&gt;&gt;</a>&nbsp;&nbsp;&nbsp;EventRecord2
<LI><a href="#[1ce]">&gt;&gt;</a>&nbsp;&nbsp;&nbsp;EventRecorderClockUpdate
<LI><a href="#[1cd]">&gt;&gt;</a>&nbsp;&nbsp;&nbsp;EventRecorderStop
<LI><a href="#[1c8]">&gt;&gt;</a>&nbsp;&nbsp;&nbsp;EventRecorderInitialize
<LI><a href="#[1c7]">&gt;&gt;</a>&nbsp;&nbsp;&nbsp;EventRecorderStart
</UL>

<P><STRONG><a name="[1c4]"></a>EventGetTS</STRONG> (Thumb, 58 bytes, Stack size 16 bytes, eventrecorder.o(.text))
<BR><BR>[Stack]<UL><LI>Max Depth = 16<LI>Call Chain = EventGetTS
</UL>
<BR>[Calls]<UL><LI><a href="#[1c5]">&gt;&gt;</a>&nbsp;&nbsp;&nbsp;EventRecorderTimerGetCount
<LI><a href="#[1c6]">&gt;&gt;</a>&nbsp;&nbsp;&nbsp;__asm___15_EventRecorder_c_e8d3082c__atomic_xch32
<LI><a href="#[1c1]">&gt;&gt;</a>&nbsp;&nbsp;&nbsp;__asm___15_EventRecorder_c_e8d3082c__atomic_inc32
</UL>
<BR>[Called By]<UL><LI><a href="#[a2]">&gt;&gt;</a>&nbsp;&nbsp;&nbsp;EventRecordData
<LI><a href="#[84]">&gt;&gt;</a>&nbsp;&nbsp;&nbsp;EventRecord4
<LI><a href="#[89]">&gt;&gt;</a>&nbsp;&nbsp;&nbsp;EventRecord2
<LI><a href="#[1ce]">&gt;&gt;</a>&nbsp;&nbsp;&nbsp;EventRecorderClockUpdate
<LI><a href="#[1cd]">&gt;&gt;</a>&nbsp;&nbsp;&nbsp;EventRecorderStop
<LI><a href="#[1c8]">&gt;&gt;</a>&nbsp;&nbsp;&nbsp;EventRecorderInitialize
<LI><a href="#[1c7]">&gt;&gt;</a>&nbsp;&nbsp;&nbsp;EventRecorderStart
</UL>

<P><STRONG><a name="[1cf]"></a>EventCheckFilter</STRONG> (Thumb, 34 bytes, Stack size 0 bytes, eventrecorder.o(.text))
<BR><BR>[Called By]<UL><LI><a href="#[a2]">&gt;&gt;</a>&nbsp;&nbsp;&nbsp;EventRecordData
<LI><a href="#[84]">&gt;&gt;</a>&nbsp;&nbsp;&nbsp;EventRecord4
<LI><a href="#[89]">&gt;&gt;</a>&nbsp;&nbsp;&nbsp;EventRecord2
</UL>

<P><STRONG><a name="[1c9]"></a>crc16_ccitt</STRONG> (Thumb, 66 bytes, Stack size 12 bytes, eventrecorder.o(.text), UNUSED)
<BR><BR>[Called By]<UL><LI><a href="#[1c8]">&gt;&gt;</a>&nbsp;&nbsp;&nbsp;EventRecorderInitialize
</UL>

<P><STRONG><a name="[1d0]"></a>GetContext</STRONG> (Thumb, 10 bytes, Stack size 8 bytes, eventrecorder.o(.text))
<BR><BR>[Stack]<UL><LI>Max Depth = 8<LI>Call Chain = GetContext
</UL>
<BR>[Calls]<UL><LI><a href="#[1d1]">&gt;&gt;</a>&nbsp;&nbsp;&nbsp;__asm___15_EventRecorder_c_e8d3082c__atomic_inc8
</UL>
<BR>[Called By]<UL><LI><a href="#[a2]">&gt;&gt;</a>&nbsp;&nbsp;&nbsp;EventRecordData
<LI><a href="#[84]">&gt;&gt;</a>&nbsp;&nbsp;&nbsp;EventRecord4
</UL>

<P><STRONG><a name="[1d6]"></a>_printf_core</STRONG> (Thumb, 336 bytes, Stack size 88 bytes, printf1.o(i._printf_core), UNUSED)
<BR><BR>[Calls]<UL><LI><a href="#[1d7]">&gt;&gt;</a>&nbsp;&nbsp;&nbsp;__aeabi_uidivmod
</UL>
<BR>[Called By]<UL><LI><a href="#[1d5]">&gt;&gt;</a>&nbsp;&nbsp;&nbsp;__0printf$1
</UL>
<P>
<H3>
Undefined Global Symbols
</H3><HR></body></html>
